TRUSTED_RESOURCE_URL_TYPE_MARKER_GOOG_HTML_SECURITY_PRIVATE_:ph
__extmap:J
__hash:W
__iterator__:Re
__meta:Y
_hash:Qc
_meta:hb
_seq:gd
active_:oc
actualEventTarget_:qh
afn:K
always:Zd
arr:H
auto_run:$b
baseModuleInfo_:$d
base_count:Qf
batchModeEnabled_:Rf
bitmap:sa
bits_:za
blocked_:Se
blocking_:rh
branches_:Te
buf:Ue
buffer_:pc
cachedOptions_:Sf
cached_hierarchy:ae
callOnce:be
callbackEntriesTail_:Rc
callbackEntries_:qc
callbackMap_:ce
capped:hd
caught:Ve
cause:Tf
cb:Uf
cform:de
chunk:Pa
ci:ee
clauses:sh
cleanupWhenDone:Ci
cljs$core$APersistentVector$:We
cljs$core$Fn$:Vf
cljs$core$IAssociative$:Di
cljs$core$IAssociative$_assoc$arity$3:xb
cljs$core$IAssociative$_contains_key_QMARK_$arity$2:jd
cljs$core$IChunk$_drop_first$arity$1:Wf
cljs$core$IChunkedNext$_chunked_next$arity$1:Xe
cljs$core$IChunkedSeq$:Ei
cljs$core$IChunkedSeq$_chunked_first$arity$1:Ye
cljs$core$IChunkedSeq$_chunked_rest$arity$1:Ze
cljs$core$ICollection$:Fi
cljs$core$ICollection$_conj$arity$2:na
cljs$core$IComparable$:Sc
cljs$core$IComparable$_compare$arity$2:rc
cljs$core$ICounted$:th
cljs$core$ICounted$_count$arity$1:pa
cljs$core$IDeref$:kd
cljs$core$IDeref$_deref$arity$1:Cb
cljs$core$IEditableCollection$:uh
cljs$core$IEditableCollection$_as_transient$arity$1:ld
cljs$core$IEmptyableCollection$_empty$arity$1:Qa
cljs$core$IEncodeClojure$:Gi
cljs$core$IEncodeClojure$_js__GT_clj$arity$2:vh
cljs$core$IEncodeJS$:wh
cljs$core$IEncodeJS$_clj__GT_js$arity$1:xh
cljs$core$IEquiv$_equiv$arity$2:ha
cljs$core$IFind$:md
cljs$core$IFind$_find$arity$2:Tc
cljs$core$IFn$:Hi
cljs$core$IFn$_invoke$arity$0:G
cljs$core$IFn$_invoke$arity$1:j
cljs$core$IFn$_invoke$arity$10:Aa
cljs$core$IFn$_invoke$arity$11:Ba
cljs$core$IFn$_invoke$arity$12:Ca
cljs$core$IFn$_invoke$arity$13:Da
cljs$core$IFn$_invoke$arity$14:Ea
cljs$core$IFn$_invoke$arity$15:Fa
cljs$core$IFn$_invoke$arity$16:Ga
cljs$core$IFn$_invoke$arity$17:Ha
cljs$core$IFn$_invoke$arity$18:Ia
cljs$core$IFn$_invoke$arity$19:Ja
cljs$core$IFn$_invoke$arity$2:u
cljs$core$IFn$_invoke$arity$20:Ka
cljs$core$IFn$_invoke$arity$21:nd
cljs$core$IFn$_invoke$arity$22:ac
cljs$core$IFn$_invoke$arity$3:B
cljs$core$IFn$_invoke$arity$4:M
cljs$core$IFn$_invoke$arity$5:da
cljs$core$IFn$_invoke$arity$6:qa
cljs$core$IFn$_invoke$arity$7:La
cljs$core$IFn$_invoke$arity$8:ua
cljs$core$IFn$_invoke$arity$9:Ma
cljs$core$IFn$_invoke$arity$variadic:D
cljs$core$IHash$:Ii
cljs$core$IHash$_hash$arity$1:ia
cljs$core$IIndexed$:Xf
cljs$core$IIndexed$_nth$arity$2:ma
cljs$core$IIndexed$_nth$arity$3:gc
cljs$core$IIterable$:Ji
cljs$core$IIterable$_iterator$arity$1:Za
cljs$core$IKVReduce$:Ki
cljs$core$IKVReduce$_kv_reduce$arity$3:od
cljs$core$IList$:Li
cljs$core$ILookup$:yh
cljs$core$ILookup$_lookup$arity$2:$a
cljs$core$ILookup$_lookup$arity$3:Ua
cljs$core$IMap$:Yf
cljs$core$IMap$_dissoc$arity$2:Nb
cljs$core$IMapEntry$:Mi
cljs$core$IMapEntry$_key$arity$1:zh
cljs$core$IMapEntry$_val$arity$1:Ah
cljs$core$IMeta$:$e
cljs$core$IMeta$_meta$arity$1:fa
cljs$core$IMultiFn$_add_method$arity$3:Zf
cljs$core$IMultiFn$_get_method$arity$2:$f
cljs$core$INamed$:ag
cljs$core$INamed$_name$arity$1:pd
cljs$core$INamed$_namespace$arity$1:qd
cljs$core$INext$:fe
cljs$core$INext$_next$arity$1:Va
cljs$core$IPending$:Ni
cljs$core$IPending$_realized_QMARK_$arity$1:ge
cljs$core$IPrintWithWriter$:ta
cljs$core$IPrintWithWriter$_pr_writer$arity$3:ja
cljs$core$IRecord$:Bh
cljs$core$IReduce$:Ch
cljs$core$IReduce$_reduce$arity$2:Wa
cljs$core$IReduce$_reduce$arity$3:Xa
cljs$core$IReset$_reset_BANG_$arity$2:he
cljs$core$IReversible$:Oi
cljs$core$IReversible$_rseq$arity$1:rd
cljs$core$ISeq$:ca
cljs$core$ISeq$_first$arity$1:Sa
cljs$core$ISeq$_rest$arity$1:ab
cljs$core$ISeqable$:Dh
cljs$core$ISeqable$_seq$arity$1:oa
cljs$core$ISequential$:af
cljs$core$ISet$:bg
cljs$core$ISet$_disjoin$arity$2:cg
cljs$core$IStack$_peek$arity$1:Bc
cljs$core$IStack$_pop$arity$1:Cc
cljs$core$ISwap$_swap_BANG_$arity$2:ie
cljs$core$ISwap$_swap_BANG_$arity$3:je
cljs$core$ISwap$_swap_BANG_$arity$4:ke
cljs$core$ISwap$_swap_BANG_$arity$5:le
cljs$core$ITransientAssociative$_assoc_BANG_$arity$3:sd
cljs$core$ITransientCollection$_conj_BANG_$arity$2:Uc
cljs$core$ITransientCollection$_persistent_BANG_$arity$1:td
cljs$core$ITransientVector$_assoc_n_BANG_$arity$3:dg
cljs$core$IVector$:Eh
cljs$core$IVector$_assoc_n$arity$3:ud
cljs$core$IVolatile$_vreset_BANG_$arity$2:eg
cljs$core$IWatchable$_add_watch$arity$3:vd
cljs$core$IWatchable$_notify_watches$arity$3:wd
cljs$core$IWatchable$_remove_watch$arity$2:xd
cljs$core$IWithMeta$_with_meta$arity$2:ga
cljs$core$IWriter$_flush$arity$1:sc
cljs$core$IWriter$_write$arity$2:tc
cljs$lang$applyTo:T
cljs$lang$ctorPrWriter:Hb
cljs$lang$ctorStr:tb
cljs$lang$macro:Pi
cljs$lang$maxFixedArity:S
cljs$lang$protocol_mask$partition$:yd
cljs$lang$protocol_mask$partition0$:F
cljs$lang$protocol_mask$partition1$:Z
cljs$lang$test:Qi
cljs$lang$type:Db
cljs$pprint$IPrettyFlush$_ppflush$arity$1:fg
cljs$spec$alpha$Spec$:bf
cljs$spec$alpha$Spec$conform_STAR_$arity$2:me
cljs$spec$alpha$Spec$with_gen_STAR_$arity$2:oe
cljs$spec$alpha$Specize$specize_STAR_$arity$1:Vc
cljs$spec$alpha$Specize$specize_STAR_$arity$2:Wc
clojure$data$Diff$diff_similar$arity$2:Fh
clojure$data$EqualityPartition$equality_partition$arity$1:Gh
cnt:V
collision_hash:hc
comment:Hh
commentCount_:gg
concurrentLoadingEnabled_:Ih
consecutiveFailures_:pe
containsKey:zd
continue_:hg
count_:Na
cpred_QMARK_:cf
createObject:qe
createObjectFn_:ig
createUrl:jg
create_:Jh
currentlyLoadingModule_:kg
debugMode_:df
def:Ob
defaultScope_:lg
default_dispatch_val:Kh
deps_:mg
dirty_QMARK_:uc
dispatch_fn:O
dispose:Pb
disposeInternal:bb
disposeObject:ef
disposeObjectFn_:ng
disposed_:Xc
domain_:bc
done_nl:jb
earlyOnloadCallbacks_:og
edit:ra
editable_QMARK_:Yc
enabled_:ff
encodedQuery_:Eb
end_pos:$
ensure_editable:Dc
errorDispatched_:gf
errorFn:hf
error_:re
eventHandler_:Ec
eventPool_:pg
eventTargetListeners_:ic
eventTime:qg
eventType:jf
event_:Ad
events_:Bd
execute:kf
executeCallbacks_:te
executing_:lf
ext_map_iter:rg
fields:Fc
fired_:vc
fn:cc
fn_:ue
fqn:xa
fragment_:wc
freeQueue_:Cd
front:sb
fseq:Zc
fsm_state:ve
getBasis:Qb
getCount:sg
getInstance:Lh
getKeys:Rb
getModuleContext:tg
getResponseTexts:mf
getSetImmediateEmulator_:Mh
getValues:Sb
gfn:Dd
hadError_:Ed
hadUnhandledRejection_:we
handleError_:nf
handleEvent_:Nh
handleLoadError_:Oh
handleLoadTimeout_:Ph
handleSuccess_:pf
handler:xe
handler_:Gc
hasNext:ya
has_nil_QMARK_:fb
hash_map:jc
head_:ye
helper_:$c
idPool_:qf
id_:Fd
ieProgId_:ug
ignoreCase_:Ib
implementsGoogStringTypedString:Qh
inAbort_:Hc
inOpen_:rf
inSend_:ze
indent:kb
initialModulesLoaded_:Gd
inode_assoc:Tb
inode_assoc_BANG_:Ub
inode_find:Hd
inode_lookup:xc
inode_seq:Id
inode_without:Jd
instance_:sf
intra_block_nl:lb
isActive:vg
isReadOnly_:Rh
iter:tf
keyMap_:Ta
keys_:va
kv_reduce:Kd
lastActive_:wg
lastFragment_:xg
lastInitialModuleId_:yg
lastUri_:uf
last_was_whitespace_QMARK_:Ld
lb:Sh
len:Ic
limit_:Th
listen:Md
listenOnce:zg
listeners:ub
loadModules:Uh
loadModules_:Ae
loadRequested:Ag
loader_:vf
loadingModuleIds_:yc
loadingModulesStatus_:kc
logical_block:ea
logical_block_callback:mb
map_:Jb
maxCount_:Bg
max_columns:wf
meta24198:Vh
meta27531:Wh
meta28092:Xh
meta28911:Yh
meta28962:Zh
meta29039:$h
meta29076:ai
meta29261:bi
meta29568:ci
meta30186:di
meta30406:ei
meta31190:fi
method_cache:Be
method_table:Ce
miser_width:gi
moduleConstructor_:hi
moduleContext_:xf
moduleInfoMap_:vb
module_:Jc
more:dc
mseq:la
nextId_:ii
next_entry:Nd
next_iter:Vb
nil_val:gb
nocache_QMARK_:Cg
ns:nb
obj:Dg
occupants_:De
off:cb
onCancelFunction_:Eg
onDisposeCallbacks_:Ee
onErrorCallbacks_:yf
onFulfilled:Od
onHistoryEvent_:Pd
onProgressHandler_:Fg
onReadyStateChangeEntryPoint_:ji
onReadyStateChange_:Gg
onRejected:ad
on_dispose:Hg
on_dispose_arr:Ig
on_set:ki
onloadCallbacks_:zf
orig_route:Jg
outstandingEvents_:Af
params:yb
parentEventTarget_:Bf
parent_:zb
pathPrefix_:Qd
path_:Wb
per_line_prefix:ob
port_:Kc
pos:ec
post_event_callback_fns:li
pred:Rd
preds:Cf
prefer_table:mi
prefetch:Ri
preload:Si
privateDoNotAccessOrElseTrustedResourceUrlWrappedValue_:Df
progressEventsEnabled_:ni
propagationStopped_:Lc
queryData_:Xb
queue:Fb
ratom:Oa
re:Mc
re_frame$router$IEventQueue$_add_event$arity$2:Kg
re_frame$router$IEventQueue$_call_post_event_callbacks$arity$2:Lg
re_frame$router$IEventQueue$_exception$arity$2:Mg
re_frame$router$IEventQueue$_fsm_trigger$arity$3:Ng
re_frame$router$IEventQueue$_pause$arity$2:Og
re_frame$router$IEventQueue$_process_1st_event_in_queue$arity$1:Pg
re_frame$router$IEventQueue$_resume$arity$1:Qg
re_frame$router$IEventQueue$_run_next_tick$arity$1:Rg
re_frame$router$IEventQueue$_run_queue$arity$1:Sg
re_frame$router$IEventQueue$purge$arity$1:Tg
re_frame$router$IEventQueue$push$arity$2:Ug
reaction:Sd
reagent$ratom$IDisposable$add_on_dispose_BANG_$arity$2:Vg
reagent$ratom$IDisposable$dispose_BANG_$arity$1:Wg
reagent$ratom$IReactiveAtom$:Fe
rear:Ab
record:oi
registerCallback:Ge
registerCallback_:He
relative_to:Gb
removed:bd
requestUris:Xg
requestedLoadingModuleIds_:lc
requestedModuleIdsQueue_:wb
requestedModuleIds_:Td
reset_:pi
responseTexts:Ef
responseTexts_:Ie
responseType_:Yg
rest:eb
result_:mc
retrieveToken:Zg
returnValue_:$g
riter:Ud
root_iter:ah
sb:ri
scheduled_QMARK_:Je
scheme_:zc
script_:bh
secretary$core$IRenderRoute$:si
secretary$core$IRenderRoute$render_route$arity$1:dh
secretary$core$IRenderRoute$render_route$arity$2:eh
section:pb
seen:Ff
seq:fc
sequence_:Ke
setIgnoreCase:Gf
setImmediate_:fh
sign_:Ra
silentlyCanceled_:Hf
sourceUrlInjection_:If
specs:ti
startTime_:gh
start_col:qb
start_pos:aa
statPool_:hh
state_:Yb
stats_:Vd
stopTime:Ti
str:Kb
successFn:Jf
suffix:rb
superClass_:Zb
sym:Ac
tail:ib
throwError:ui
timeoutId_:Le
timeoutInterval_:Kf
timeout_:Wd
token:vi
totalVarAlloc:wi
tracerCount_:ih
tracerOverheadComment_:jh
tracerOverheadEnd_:kh
tracerOverheadStart_:lh
trailing_white_space:Lb
transformer_:Me
transient_map:nc
typeCount_:Xd
type_tag:ba
unblockAndFulfill_:xi
unblockAndReject_:yi
unc:mh
unhandledErrorId_:Ne
unicode:Ui
unlisten:Lf
uris_:cd
useFragment_:dd
useSetImmediate_:zi
useXhr2Timeout_:Mf
userInfo_:Nc
userInitiatedLoadingModuleIds_:ed
userLastActive_:nh
uuid:Oc
val:I
validator:Nf
varAlloc:Of
vec:Bb
vec__31185:Ai
version_:Yd
watches:Ya
watchesArr:Pf
watching:Pc
window_:Mb
withCredentials_:oh
workHead_:fd
workTail_:Oe
wrapCallback_:Bi
writer:wa
xhrOptions_:Pe
xhr_:ka
xmlHttpFactory_:Qe
