G__30841_30850:kM
JSCompiler_StaticMethods_addCallbackEntry_:hc
JSCompiler_StaticMethods_addCallbacks:vc
JSCompiler_StaticMethods_addChildPromise_:cc
JSCompiler_StaticMethods_addUserInitiatedLoadingModule_:td
JSCompiler_StaticMethods_assoc_BANG_:Zm
JSCompiler_StaticMethods_callCallbacks_:ld
JSCompiler_StaticMethods_cancelInternal_:ec
JSCompiler_StaticMethods_check_:rc
JSCompiler_StaticMethods_cleanUpTimeoutTimer_:De
JSCompiler_StaticMethods_cleanUpXhr_:Ge
JSCompiler_StaticMethods_cleanupKeysArray_:Xc
JSCompiler_StaticMethods_dispatchActiveIdleChangeIfNeeded_:od
JSCompiler_StaticMethods_dispatchErrors_:Fe
JSCompiler_StaticMethods_dispatchModuleLoadFailed_:xd
JSCompiler_StaticMethods_divide:xf
JSCompiler_StaticMethods_enforceReadOnly:Cf
JSCompiler_StaticMethods_ensureKeyMapInitialized_:Qf
JSCompiler_StaticMethods_evaluateCode_:af
JSCompiler_StaticMethods_executeCallback_:gc
JSCompiler_StaticMethods_findInternedVar:Io
JSCompiler_StaticMethods_fireListeners:ee
JSCompiler_StaticMethods_fire_:tc
JSCompiler_StaticMethods_getBits:vf
JSCompiler_StaticMethods_getFragment_:NM
JSCompiler_StaticMethods_getKeyName_:Rf
JSCompiler_StaticMethods_getNotYetLoadedTransitiveDepIds_:vd
JSCompiler_StaticMethods_getOptions:qe
JSCompiler_StaticMethods_getProgId_:re
JSCompiler_StaticMethods_getReadyState:Ie
JSCompiler_StaticMethods_getStatus:Je
JSCompiler_StaticMethods_getToken:MM
JSCompiler_StaticMethods_getUrl_:PM
JSCompiler_StaticMethods_hasErrback_:wc
JSCompiler_StaticMethods_isModuleLoading:rd
JSCompiler_StaticMethods_isSuccess:Ke
JSCompiler_StaticMethods_isZero:wf
JSCompiler_StaticMethods_listenOnce_:ie
JSCompiler_StaticMethods_loadModulesOrEnqueueIfNotLoadedOrLoading_:pd
JSCompiler_StaticMethods_loadModulesOrEnqueue_:sd
JSCompiler_StaticMethods_loadNextModules_:zd
JSCompiler_StaticMethods_markAsRemoved:Kd
JSCompiler_StaticMethods_negate:qf
JSCompiler_StaticMethods_onError:md
JSCompiler_StaticMethods_onLoad:kd
JSCompiler_StaticMethods_onReadyStateChangeHelper_:He
JSCompiler_StaticMethods_popEntry_:fc
JSCompiler_StaticMethods_processModulesForLoad_:ud
JSCompiler_StaticMethods_registerErrback:jd
JSCompiler_StaticMethods_registerModuleLoadCallbacks_:qd
JSCompiler_StaticMethods_releaseObject:$c
JSCompiler_StaticMethods_removeByKey:Nd
JSCompiler_StaticMethods_requeueBatchOrDispatchFailure_:yd
JSCompiler_StaticMethods_resolve_:Wb
JSCompiler_StaticMethods_scheduleCallbacks_:ic
JSCompiler_StaticMethods_setLoaded:mN
JSCompiler_StaticMethods_setPort:Df
JSCompiler_StaticMethods_setQueryData:Ef
JSCompiler_StaticMethods_setScheme:Bf
JSCompiler_StaticMethods_setToken:OM
JSCompiler_StaticMethods_shiftRight:zf
JSCompiler_StaticMethods_sval:ck
JSCompiler_StaticMethods_toNumber:uf
JSCompiler_StaticMethods_toTraceString:dd
JSCompiler_StaticMethods_updateResult_:sc
JSCompiler_inline_result$jscomp$8:Qc
JSCompiler_prototypeAlias:k
L 0:a
L 1:b
L 10:t
L 11:v
L 12:w
L 13:z
L 14:C
L 15:F
L 16:H
L 17:K
L 18:O
L 19:S
L 2:c
L 20:ja
L 21:Aa
L 22:M
L 23:aa
L 24:W
L 25:oa
L 26:ya
L 27:sa
L 28:Ga
L 29:Ia
L 3:d
L 30:Fa
L 31:Wa
L 32:Ua
L 33:Ya
L 34:Sb
L 35:ab
L 36:pb
L 37:Nb
L 38:Tb
L 39:$b
L 4:e
L 40:lc
L 41:mc
L 42:Jf
L 43:ii
L 44:um
L 45:JN
L 46:KN
L 47:LN
L 48:MN
L 49:NN
L 5:f
L 50:ON
L 51:PN
L 52:QN
L 53:RN
L 54:SN
L 55:TN
L 56:UN
L 57:VN
L 58:WN
L 59:XN
L 6:g
L 60:YN
L 61:ZN
L 62:$N
L 63:aO
L 64:bO
L 65:cO
L 66:dO
L 67:eO
L 68:fO
L 69:gO
L 7:h
L 70:hO
L 71:iO
L 72:jO
L 73:kO
L 74:lO
L 75:mO
L 76:oO
L 77:nO
L 78:pO
L 79:qO
L 8:l
L 80:rO
L 81:sO
L 82:tO
L 83:uO
L 84:vO
L 85:wO
L 86:xO
L 9:n
accountant$core$configure_navigation_BANG_:bN
accountant$core$dispatch_current_BANG_:cN
accountant$core$dispatch_on_navigate:VM
accountant$core$find_href_node:WM
accountant$core$history:TM
accountant$core$nav_handler:$M
accountant$core$path_exists_QMARK_:aN
accountant$core$prevent_reload_on_known_path:ZM
accountant$core$transformer_create_url:RM
accountant$core$transformer_retrieve_token:SM
accountant$core$uri__GT_fragment:YM
accountant$core$uri__GT_query:XM
arr$jscomp$inline_328:Nc
cached_hierarchy__4385__auto__$jscomp$inline_1595:wI
cached_hierarchy__4385__auto__$jscomp$inline_1614:GI
cached_hierarchy__4385__auto__$jscomp$inline_1630:jN
cljs$analyzer$BOOLEAN_OR_SEQ:cK
cljs$analyzer$NOT_NATIVE:bK
cljs$analyzer$NUMERIC_SET:VK
cljs$analyzer$SENTINEL:XI
cljs$analyzer$_STAR_allow_ns_STAR_:ZJ
cljs$analyzer$_STAR_allow_redef_STAR_:YJ
cljs$analyzer$_STAR_cljs_warning_handlers_STAR_:eJ
cljs$analyzer$_STAR_cljs_warnings_STAR_:VI
cljs$analyzer$_STAR_loop_lets_STAR_:XJ
cljs$analyzer$_STAR_passes_STAR_:UI
cljs$analyzer$_STAR_recur_frames_STAR_:WJ
cljs$analyzer$alias__GT_type:GJ
cljs$analyzer$all_values_QMARK_:$K
cljs$analyzer$analysis_error_QMARK_:qJ
cljs$analyzer$analyze:iK
cljs$analyzer$analyze$cljs$0core$0IFn$0_invoke$0arity$02:hK
cljs$analyzer$analyze$cljs$0core$0IFn$0_invoke$0arity$03:nK
cljs$analyzer$analyze$cljs$0core$0IFn$0_invoke$0arity$04:jL
cljs$analyzer$analyze_STAR_:sL
cljs$analyzer$analyze_do_statements:uK
cljs$analyzer$analyze_do_statements_STAR_:tK
cljs$analyzer$analyze_dot:RK
cljs$analyzer$analyze_fn_method:pK
cljs$analyzer$analyze_fn_method_param:oK
cljs$analyzer$analyze_fn_methods_pass2_STAR_:rK
cljs$analyzer$analyze_form:rL
cljs$analyzer$analyze_js_star_STAR_:ZK
cljs$analyzer$analyze_js_value:nL
cljs$analyzer$analyze_let:yK
cljs$analyzer$analyze_let_binding_init:vK
cljs$analyzer$analyze_let_bindings_STAR_:xK
cljs$analyzer$analyze_list:iL
cljs$analyzer$analyze_map:kL
cljs$analyzer$analyze_seq:BK
cljs$analyzer$analyze_seq$cljs$0core$0IFn$0_invoke$0arity$03:AK
cljs$analyzer$analyze_seq$cljs$0core$0IFn$0_invoke$0arity$04:hL
cljs$analyzer$analyze_set:mL
cljs$analyzer$analyze_symbol:zK
cljs$analyzer$analyze_vector:lL
cljs$analyzer$analyze_wrap_meta:sK
cljs$analyzer$array_type_QMARK_:YK
cljs$analyzer$array_types:XK
cljs$analyzer$basic_validate_ns_spec:DK
cljs$analyzer$build_dot_form:PK
cljs$analyzer$build_method_call:QK
cljs$analyzer$canonicalize_import_specs:JK
cljs$analyzer$canonicalize_specs:IK
cljs$analyzer$check_invoke_arg_types:qL
cljs$analyzer$classify_dot_form:OK
cljs$analyzer$cljs_set_QMARK_:aJ
cljs$analyzer$confirm_ns:CJ
cljs$analyzer$confirm_var_exist_warning:sJ
cljs$analyzer$confirm_var_exists:yJ
cljs$analyzer$confirm_var_exists_throw:zJ
cljs$analyzer$constant_value_QMARK_:mK
cljs$analyzer$core_name_QMARK_:DJ
cljs$analyzer$default_namespaces:iJ
cljs$analyzer$dep_has_global_exports_QMARK_:xJ
cljs$analyzer$desugar_ns_specs:KK
cljs$analyzer$do_macroexpand_check:fL
cljs$analyzer$dotted_symbol_QMARK_:LJ
cljs$analyzer$error$cljs$0core$0IFn$0_invoke$0arity$02:oJ
cljs$analyzer$error$cljs$0core$0IFn$0_invoke$0arity$03:pJ
cljs$analyzer$error_message:cJ
cljs$analyzer$find_def_clash:LK
cljs$analyzer$find_matching_method:$J
cljs$analyzer$fn_name_var:qK
cljs$analyzer$gen_constant_id:gJ
cljs$analyzer$get_col:kJ
cljs$analyzer$get_expander:tJ
cljs$analyzer$get_expander_STAR_:dL
cljs$analyzer$get_expander_ns:cL
cljs$analyzer$get_js_tag:SK
cljs$analyzer$get_let_tag:wK
cljs$analyzer$get_line:jJ
cljs$analyzer$get_macroexpand_check_var:eL
cljs$analyzer$gets$cljs$0core$0IFn$0_invoke$0arity$03:YI
cljs$analyzer$gets$cljs$0core$0IFn$0_invoke$0arity$04:ZI
cljs$analyzer$gets$cljs$0core$0IFn$0_invoke$0arity$05:$I
cljs$analyzer$has_extern_QMARK_$cljs$0core$0IFn$0_invoke$0arity$02:IJ
cljs$analyzer$has_extern_QMARK__STAR_$cljs$0core$0IFn$0_invoke$0arity$03:HJ
cljs$analyzer$implicit_nses:rJ
cljs$analyzer$infer_if:dK
cljs$analyzer$infer_tag:eK
cljs$analyzer$infer_type:oL
cljs$analyzer$invoke_arg_type_validators:pL
cljs$analyzer$invokeable_ns_QMARK_:QJ
cljs$analyzer$js_module_exists_QMARK_:vJ
cljs$analyzer$js_module_exists_QMARK__STAR_:uJ
cljs$analyzer$js_reserved:WI
cljs$analyzer$js_star_interp:TK
cljs$analyzer$js_star_seg:UK
cljs$analyzer$js_tag$cljs$0core$0IFn$0_invoke$0arity$03:JJ
cljs$analyzer$js_tag$cljs$0core$0IFn$0_invoke$0arity$04:KJ
cljs$analyzer$js_tag_QMARK_:FJ
cljs$analyzer$macro_ns_name:MK
cljs$analyzer$macroexpand_1_STAR_:gL
cljs$analyzer$message:dJ
cljs$analyzer$munge_global_export:NJ
cljs$analyzer$munge_node_lib:MJ
cljs$analyzer$node_module_dep_QMARK_:wJ
cljs$analyzer$ns__GT_module_type:OJ
cljs$analyzer$ns__GT_relpath$cljs$0core$0IFn$0_invoke$0arity$02:bJ
cljs$analyzer$numeric_type_QMARK_:WK
cljs$analyzer$parse:fK
cljs$analyzer$parse_import_spec:HK
cljs$analyzer$parse_invoke_STAR_:bL
cljs$analyzer$parse_ns_error_msg:CK
cljs$analyzer$parse_ns_excludes:EK
cljs$analyzer$parse_require_spec:GK
cljs$analyzer$parse_type:NK
cljs$analyzer$public_name_QMARK_:EJ
cljs$analyzer$register_constant_BANG_$cljs$0core$0IFn$0_invoke$0arity$02:hJ
cljs$analyzer$repeat_char:fJ
cljs$analyzer$replace_env_pass:lK
cljs$analyzer$resolve_STAR_:PJ
cljs$analyzer$resolve_existing_var:UJ
cljs$analyzer$resolve_invokeable_ns:RJ
cljs$analyzer$resolve_ns_alias$cljs$0core$0IFn$0_invoke$0arity$02:AJ
cljs$analyzer$resolve_ns_alias$cljs$0core$0IFn$0_invoke$0arity$03:BJ
cljs$analyzer$resolve_var$cljs$0core$0IFn$0_invoke$0arity$02:SJ
cljs$analyzer$resolve_var$cljs$0core$0IFn$0_invoke$0arity$03:TJ
cljs$analyzer$source_info$cljs$0core$0IFn$0_invoke$0arity$01:lJ
cljs$analyzer$source_info$cljs$0core$0IFn$0_invoke$0arity$02:mJ
cljs$analyzer$specials:VJ
cljs$analyzer$t_cljs$0analyzer30185:TI
cljs$analyzer$type_QMARK_:aK
cljs$analyzer$use__GT_require:FK
cljs$analyzer$valid_arity_QMARK_:aL
cljs$analyzer$valid_proto:kK
cljs$analyzer$var_ast:jK
cljs$analyzer$var_meta$cljs$0core$0IFn$0_invoke$0arity$02:gK
cljs$analyzer$warning:nJ
cljs$core$ArrayChunk:ek
cljs$core$ArrayNode:Im
cljs$core$ArrayNodeIterator:Mm
cljs$core$ArrayNodeSeq:Tm
cljs$core$Atom:Tk
cljs$core$BitmapIndexedNode:Em
cljs$core$BitmapIndexedNode$EMPTY:Hm
cljs$core$Box:xm
cljs$core$CHAR_MAP:tg
cljs$core$ChunkBuffer:dk
cljs$core$ChunkedCons:gk
cljs$core$ChunkedSeq:Ul
cljs$core$Cons:Tj
cljs$core$DEMUNGE_MAP:ug
cljs$core$DEMUNGE_PATTERN:vg
cljs$core$Delay:Yn
cljs$core$ES6EntriesIterator:im
cljs$core$ES6Iterator:ni
cljs$core$ES6SetEntriesIterator:jm
cljs$core$EmptyList:Qj
cljs$core$ExceptionInfo:xo
cljs$core$Fn:Ag
cljs$core$HashCollisionNode:Qm
cljs$core$HashMapIter:Vm
cljs$core$HashSetIter:fn
cljs$core$IAssociative:Pg
cljs$core$ICollection:Fg
cljs$core$IComparable:Gh
cljs$core$ICounted:Cg
cljs$core$IDeref:dh
cljs$core$IEncodeClojure:nN
cljs$core$IEncodeJS:ao
cljs$core$IFind:Sg
cljs$core$IFn:Bg
cljs$core$IIndexed:Hg
cljs$core$IIterable:Rh
cljs$core$IKVReduce:jh
cljs$core$IList:qh
cljs$core$ILookup:Ng
cljs$core$IMap:Ug
cljs$core$IMeta:eh
cljs$core$INIT:Gk
cljs$core$INext:Mg
cljs$core$IPending:wh
cljs$core$IPrintWithWriter:vh
cljs$core$IRecord:rh
cljs$core$IReduce:hh
cljs$core$IReversible:sh
cljs$core$ISeq:Jg
cljs$core$ISeqable:nh
cljs$core$ISequential:ph
cljs$core$ISet:Yg
cljs$core$ITER_SYMBOL:sg
cljs$core$IVector:bh
cljs$core$IndexedSeq:E
cljs$core$IndexedSeqIterator:Ii
cljs$core$KeySeq:an
cljs$core$Keyword:Q
cljs$core$LazySeq:bk
cljs$core$List:Ti
cljs$core$List$EMPTY:mi
cljs$core$MapEntry:sj
cljs$core$MetaFn:Yi
cljs$core$MultiFn:to
cljs$core$NS_CACHE:Ko
cljs$core$Namespace:Ho
cljs$core$NeverEquiv:em
cljs$core$NodeIterator:Dm
cljs$core$NodeSeq:Rm
cljs$core$PROTOCOL_SENTINEL:m
cljs$core$PersistentArrayMap:p
cljs$core$PersistentArrayMap$EMPTY:X
cljs$core$PersistentArrayMap$HASHMAP_THRESHOLD:rm
cljs$core$PersistentArrayMap$createAsIfByAssoc:Vi
cljs$core$PersistentArrayMapIterator:nm
cljs$core$PersistentArrayMapSeq:mm
cljs$core$PersistentHashMap:Wm
cljs$core$PersistentHashMap$EMPTY:sm
cljs$core$PersistentHashMap$fromArrays:Ym
cljs$core$PersistentHashSet:gn
cljs$core$PersistentHashSet$EMPTY:jn
cljs$core$PersistentHashSet$createAsIfByAssoc:kn
cljs$core$PersistentQueue:cm
cljs$core$PersistentQueue$EMPTY:dm
cljs$core$PersistentQueueIter:am
cljs$core$PersistentQueueSeq:bm
cljs$core$PersistentVector:U
cljs$core$PersistentVector$EMPTY:Si
cljs$core$PersistentVector$EMPTY_NODE:V
cljs$core$PersistentVector$fromArray:Rl
cljs$core$RSeq:Ji
cljs$core$Range:sn
cljs$core$RangeIterator:rn
cljs$core$RangedIterator:Il
cljs$core$RecordIter:hm
cljs$core$Reduced:ui
cljs$core$Repeat:cl
cljs$core$START:Hk
cljs$core$SeqIter:Ik
cljs$core$StringBufferWriter:Th
cljs$core$Subvec:Wl
cljs$core$Symbol:y
cljs$core$TransientArrayMap:qm
cljs$core$TransientHashMap:Xm
cljs$core$TransientHashSet:hn
cljs$core$TransientVector:Ml
cljs$core$UUID:vo
cljs$core$ValSeq:bn
cljs$core$Var:hi
cljs$core$VectorNode:xl
cljs$core$Volatile:Xk
cljs$core$_EQ_:B
cljs$core$_EQ__EQ_:Lj
cljs$core$_EQ__EQ_$cljs$0core$0IFn$0_invoke$0arity$02:Mj
cljs$core$_PLUS_:Ej
cljs$core$_STAR_eval_STAR_:Po
cljs$core$_STAR_loaded_libs_STAR_:bg
cljs$core$_STAR_out_STAR_:Vf
cljs$core$_STAR_print_err_fn_STAR_:Xf
cljs$core$_STAR_print_fn_STAR_:Wf
cljs$core$_STAR_print_length_STAR_:$f
cljs$core$_STAR_print_level_STAR_:ag
cljs$core$_STAR_print_newline_STAR_:Yf
cljs$core$_STAR_print_readably_STAR_:Zf
cljs$core$_STAR_unchecked_if_STAR_:Uf
cljs$core$_add_method:Z
cljs$core$_add_watch:zh
cljs$core$_as_transient:Bh
cljs$core$_assoc:Rg
cljs$core$_assoc_BANG_:Eh
cljs$core$_assoc_n:ch
cljs$core$_assoc_n_BANG_:Fh
cljs$core$_chunked_first:Jh
cljs$core$_chunked_next:Lh
cljs$core$_chunked_rest:Kh
cljs$core$_clj__GT_js:bo
cljs$core$_compare:Hh
cljs$core$_conj:Gg
cljs$core$_conj_BANG_:Ch
cljs$core$_contains_key_QMARK_:Qg
cljs$core$_count:Dg
cljs$core$_deref:u
cljs$core$_disjoin:Zg
cljs$core$_dissoc:Vg
cljs$core$_drop_first:Ih
cljs$core$_empty:Eg
cljs$core$_equiv:lh
cljs$core$_find:Tg
cljs$core$_first:Kg
cljs$core$_flush:uh
cljs$core$_get_method:ro
cljs$core$_global_hierarchy:go
cljs$core$_hash:mh
cljs$core$_indexOf$cljs$0core$0IFn$0_invoke$0arity$03:Ei
cljs$core$_iterator:Sh
cljs$core$_js__GT_clj:oN
cljs$core$_key:Wg
cljs$core$_kv_reduce:kh
cljs$core$_lastIndexOf$cljs$0core$0IFn$0_invoke$0arity$03:Hi
cljs$core$_lookup:Og
cljs$core$_meta:fh
cljs$core$_name:Mh
cljs$core$_namespace:Nh
cljs$core$_notify_watches:yh
cljs$core$_nth:Ig
cljs$core$_peek:$g
cljs$core$_persistent_BANG_:Dh
cljs$core$_pop:ah
cljs$core$_realized_QMARK_:xh
cljs$core$_reduce:ih
cljs$core$_remove_watch:Ah
cljs$core$_reset_BANG_:Oh
cljs$core$_rest:Lg
cljs$core$_rseq:th
cljs$core$_seq:oh
cljs$core$_swap_BANG_:Ph
cljs$core$_val:Xg
cljs$core$_vreset_BANG_:Qh
cljs$core$_with_meta:gh
cljs$core$_write:x
cljs$core$aclone:wg
cljs$core$any_QMARK_:ng
cljs$core$apply:ji
cljs$core$apply$cljs$0core$0IFn$0_invoke$0arity$02:T
cljs$core$apply$cljs$0core$0IFn$0_invoke$0arity$03:tk
cljs$core$apply$cljs$0core$0IFn$0_invoke$0arity$04:uk
cljs$core$apply$cljs$0core$0IFn$0_invoke$0arity$05:vk
cljs$core$apply$cljs$0core$0IFn$0_invoke$0arity$0variadic:wk
cljs$core$apply_to:ok
cljs$core$apply_to_simple$cljs$0core$0IFn$0_invoke$0arity$03:pk
cljs$core$apply_to_simple$cljs$0core$0IFn$0_invoke$0arity$04:qk
cljs$core$apply_to_simple$cljs$0core$0IFn$0_invoke$0arity$05:rk
cljs$core$apply_to_simple$cljs$0core$0IFn$0_invoke$0arity$06:sk
cljs$core$array_QMARK_:kg
cljs$core$array__GT_transient_hash_map:wm
cljs$core$array_copy:kj
cljs$core$array_for:Fl
cljs$core$array_index_of:km
cljs$core$array_map:pN
cljs$core$array_reduce$cljs$0core$0IFn$0_invoke$0arity$02:zi
cljs$core$array_reduce$cljs$0core$0IFn$0_invoke$0arity$03:Ai
cljs$core$array_reduce$cljs$0core$0IFn$0_invoke$0arity$04:Bi
cljs$core$assoc:P
cljs$core$assoc_BANG_$cljs$0core$0IFn$0_invoke$0arity$03:nk
cljs$core$assoc_in:ql
cljs$core$atom$cljs$0core$0IFn$0_invoke$0arity$01:Uk
cljs$core$bit_count:Kj
cljs$core$boolean$0:nj
cljs$core$bounded_count:jk
cljs$core$build_subvec:Xl
cljs$core$butlast:nn
cljs$core$cat:$n
cljs$core$char$0:Hj
cljs$core$char_escapes:Gn
cljs$core$chunk_append:ik
cljs$core$chunk_buffer:fk
cljs$core$chunk_cons:hk
cljs$core$chunked_seq:Ql
cljs$core$chunked_seq$cljs$0core$0IFn$0_invoke$0arity$04:Pl
cljs$core$chunked_seq$cljs$0core$0IFn$0_invoke$0arity$05:Vl
cljs$core$chunked_seq_QMARK_:jj
cljs$core$ci_reduce$cljs$0core$0IFn$0_invoke$0arity$02:xi
cljs$core$ci_reduce$cljs$0core$0IFn$0_invoke$0arity$03:yi
cljs$core$clj__GT_js:co
cljs$core$clone_and_set$cljs$0core$0IFn$0_invoke$0arity$03:zm
cljs$core$coll_QMARK_:dj
cljs$core$comp:Ok
cljs$core$compare:tj
cljs$core$compare_indexed$cljs$0core$0IFn$0_invoke$0arity$02:uj
cljs$core$compare_keywords:Uj
cljs$core$compare_symbols:fi
cljs$core$complement:Nk
cljs$core$concat:lk
cljs$core$conj:Ri
cljs$core$conj_BANG_:mk
cljs$core$cons:Li
cljs$core$contains_QMARK_:qj
cljs$core$count:J
cljs$core$counted_QMARK_:Ci
cljs$core$create_array_node_seq:Om
cljs$core$create_array_node_seq$cljs$0core$0IFn$0_invoke$0arity$01:Nm
cljs$core$create_array_node_seq$cljs$0core$0IFn$0_invoke$0arity$04:Um
cljs$core$create_inode_seq:Gm
cljs$core$create_inode_seq$cljs$0core$0IFn$0_invoke$0arity$01:Fm
cljs$core$create_inode_seq$cljs$0core$0IFn$0_invoke$0arity$03:Sm
cljs$core$create_node:Km
cljs$core$create_node$cljs$0core$0IFn$0_invoke$0arity$06:Lm
cljs$core$create_node$cljs$0core$0IFn$0_invoke$0arity$07:Jm
cljs$core$dec:Fj
cljs$core$demunge:Eo
cljs$core$demunge_pattern:Co
cljs$core$deref:wi
cljs$core$disj:bj
cljs$core$dissoc:Wi
cljs$core$distinct$cljs$0core$0IFn$0_invoke$0arity$01:mn
cljs$core$do_assoc:Gl
cljs$core$doall$cljs$0core$0IFn$0_invoke$0arity$01:xn
cljs$core$dominates:po
cljs$core$drop$cljs$0core$0IFn$0_invoke$0arity$02:$k
cljs$core$drop_last$cljs$0core$0IFn$0_invoke$0arity$02:al
cljs$core$drop_while$cljs$0core$0IFn$0_invoke$0arity$02:bl
cljs$core$edit_and_set$cljs$0core$0IFn$0_invoke$0arity$04:Bm
cljs$core$empty_QMARK_:cj
cljs$core$empty_ordered_hash:qi
cljs$core$empty_unordered_hash:si
cljs$core$enable_console_print_BANG_:ig
cljs$core$equiv_map:gm
cljs$core$equiv_sequential:Ki
cljs$core$es6_iterator:oi
cljs$core$even_QMARK_:Mk
cljs$core$every_QMARK_:Kk
cljs$core$every_pred$cljs$0core$0IFn$0_invoke$0arity$02:Yk
cljs$core$ex_info$cljs$0core$0IFn$0_invoke$0arity$02:yo
cljs$core$filter$cljs$0core$0IFn$0_invoke$0arity$02:il
cljs$core$find:rj
cljs$core$find_and_cache_best_method:qo
cljs$core$find_macros_ns:Oo
cljs$core$find_ns_obj:Lo
cljs$core$first:G
cljs$core$flatten:ll
cljs$core$fn_QMARK_:Xi
cljs$core$fn__GT_comparator:vj
cljs$core$fnil$cljs$0core$0IFn$0_invoke$0arity$02:Qk
cljs$core$frequencies:un
cljs$core$gensym:Xn
cljs$core$gensym_counter:Wn
cljs$core$get:A
cljs$core$get_global_hierarchy:ho
cljs$core$get_in$cljs$0core$0IFn$0_invoke$0arity$02:pl
cljs$core$hash:bi
cljs$core$hash_collision_node_find_index:Pm
cljs$core$hash_map:$m
cljs$core$hash_ordered_coll:pi
cljs$core$hash_string:ai
cljs$core$hash_symbol:ei
cljs$core$hash_unordered_coll:ri
cljs$core$ident_QMARK_:Yj
cljs$core$identity:Cj
cljs$core$ifn_QMARK_:oj
cljs$core$imul:Vh
cljs$core$inc:ti
cljs$core$indexed_QMARK_:Di
cljs$core$inode_kv_reduce:Cm
cljs$core$instance_QMARK_:ci
cljs$core$integer_QMARK_:pj
cljs$core$interleave:gl
cljs$core$into:ml
cljs$core$into_array$cljs$0core$0IFn$0_invoke$0arity$02:xg
cljs$core$isa_QMARK_$cljs$0core$0IFn$0_invoke$0arity$03:lo
cljs$core$iter_reduce$cljs$0core$0IFn$0_invoke$0arity$02:yj
cljs$core$iter_reduce$cljs$0core$0IFn$0_invoke$0arity$03:zj
cljs$core$iterable_QMARK_:ki
cljs$core$js__GT_clj$cljs$0core$0IFn$0_invoke$0arity$0variadic:qN
cljs$core$js_reserved:Ao
cljs$core$js_reserved_QMARK_:Bo
cljs$core$js_reserved_arr:zo
cljs$core$juxt$cljs$0core$0IFn$0_invoke$0arity$02:wn
cljs$core$keep$cljs$0core$0IFn$0_invoke$0arity$02:Sk
cljs$core$key:tm
cljs$core$key_test:ym
cljs$core$keys:om
cljs$core$keyword:Zj
cljs$core$keyword_QMARK_:Vj
cljs$core$keyword_identical_QMARK_:R
cljs$core$last:Qi
cljs$core$lift_ns:Tn
cljs$core$linear_traversal_nth$cljs$0core$0IFn$0_invoke$0arity$03:Ui
cljs$core$list:Sj
cljs$core$list_QMARK_:Pj
cljs$core$lookup_sentinel:lj
cljs$core$m3_fmix:Yh
cljs$core$m3_mix_H1:Xh
cljs$core$m3_mix_K1:Wh
cljs$core$map:Y
cljs$core$map_QMARK_:gj
cljs$core$map_entry_QMARK_:lm
cljs$core$map_indexed$cljs$0core$0IFn$0_invoke$0arity$02:Rk
cljs$core$mapcat$cljs$0core$0IFn$0_invoke$0arity$0variadic:hl
cljs$core$mapv$cljs$0core$0IFn$0_invoke$0arity$02:nl
cljs$core$max:Gj
cljs$core$max_key:pn
cljs$core$memoize:fo
cljs$core$merge:yk
cljs$core$merge_with:cn
cljs$core$meta:$i
cljs$core$missing_protocol:qg
cljs$core$munge:Do
cljs$core$name:ak
cljs$core$namespace:Xj
cljs$core$native_satisfies_QMARK_:og
cljs$core$never_equiv:fm
cljs$core$new_path:Bl
cljs$core$newline$cljs$0core$0IFn$0_invoke$0arity$01:Qn
cljs$core$next:I
cljs$core$nil_QMARK_:jg
cljs$core$nil_iter:Ek
cljs$core$not:lg
cljs$core$not_EQ_$cljs$0core$0IFn$0_invoke$0arity$02:Ck
cljs$core$not_empty:Dk
cljs$core$ns_interns_STAR_:Mo
cljs$core$ns_lookup:Go
cljs$core$nth:Gi
cljs$core$nth$cljs$0core$0IFn$0_invoke$0arity$02:Fi
cljs$core$nth$cljs$0core$0IFn$0_invoke$0arity$03:N
cljs$core$parents$cljs$0core$0IFn$0_invoke$0arity$01:mo
cljs$core$partial:Pk
cljs$core$partition$cljs$0core$0IFn$0_invoke$0arity$03:ol
cljs$core$peek:aj
cljs$core$pop_tail:Hl
cljs$core$pr_opts:cg
cljs$core$pr_sb_with_opts:On
cljs$core$pr_sequential_writer:Cn
cljs$core$pr_str:Rn
cljs$core$pr_str_STAR_:Uh
cljs$core$pr_str_with_opts:Pn
cljs$core$pr_writer:Kn
cljs$core$pr_writer_impl:Jn
cljs$core$prefers_STAR_:oo
cljs$core$preserving_reduced:Zn
cljs$core$prim_seq$cljs$0core$0IFn$0_invoke$0arity$02:L
cljs$core$print_map:Ln
cljs$core$print_meta_QMARK_:In
cljs$core$print_prefix_map:Un
cljs$core$print_str:Sn
cljs$core$prn$cljs$0core$0IFn$0_invoke$0arity$0variadic:jq
cljs$core$push_tail:Cl
cljs$core$pv_clone_node:zl
cljs$core$pv_fresh_node:yl
cljs$core$pv_reduce$cljs$0core$0IFn$0_invoke$0arity$04:Kl
cljs$core$pv_reduce$cljs$0core$0IFn$0_invoke$0arity$05:Ll
cljs$core$quot:Ij
cljs$core$quote_string:Hn
cljs$core$random_uuid:wo
cljs$core$range$cljs$0core$0IFn$0_invoke$0arity$03:tn
cljs$core$ranged_iterator:Jl
cljs$core$re_find:zn
cljs$core$re_matches:yn
cljs$core$re_pattern:Bn
cljs$core$re_seq:An
cljs$core$record_QMARK_:hj
cljs$core$reduce:zg
cljs$core$reduce$cljs$0core$0IFn$0_invoke$0arity$02:Aj
cljs$core$reduce$cljs$0core$0IFn$0_invoke$0arity$03:yg
cljs$core$reduce_kv:Bj
cljs$core$reduced_QMARK_:vi
cljs$core$reductions$cljs$0core$0IFn$0_invoke$0arity$03:vn
cljs$core$rem:Jj
cljs$core$remove$cljs$0core$0IFn$0_invoke$0arity$02:jl
cljs$core$remove_pair:Am
cljs$core$repeat$cljs$0core$0IFn$0_invoke$0arity$01:dl
cljs$core$repeat$cljs$0core$0IFn$0_invoke$0arity$02:el
cljs$core$repeatedly$cljs$0core$0IFn$0_invoke$0arity$01:fl
cljs$core$reset_BANG_:Vk
cljs$core$reset_cache:no
cljs$core$rest:li
cljs$core$reverse:Rj
cljs$core$second:Pi
cljs$core$select_keys:dn
cljs$core$seq:D
cljs$core$seq_QMARK_:mj
cljs$core$seq_reduce:Ni
cljs$core$seq_reduce$cljs$0core$0IFn$0_invoke$0arity$02:Mi
cljs$core$seq_reduce$cljs$0core$0IFn$0_invoke$0arity$03:Oi
cljs$core$sequence$cljs$0core$0IFn$0_invoke$0arity$01:Jk
cljs$core$sequential_QMARK_:fj
cljs$core$set:ln
cljs$core$set_QMARK_:ej
cljs$core$some:Lk
cljs$core$sort$cljs$0core$0IFn$0_invoke$0arity$02:wj
cljs$core$spread:kk
cljs$core$str:r
cljs$core$string_QMARK_:mg
cljs$core$string_hash_cache:Zh
cljs$core$string_hash_cache_count:$h
cljs$core$string_print:Fn
cljs$core$subs$cljs$0core$0IFn$0_invoke$0arity$02:Nj
cljs$core$subs$cljs$0core$0IFn$0_invoke$0arity$03:Oj
cljs$core$subvec:Yl
cljs$core$swap_BANG_:Wk
cljs$core$symbol:gi
cljs$core$symbol_QMARK_:di
cljs$core$symbol_identical_QMARK_:Wj
cljs$core$t_cljs$0core24197:Tf
cljs$core$tail_off:Al
cljs$core$take:Zk
cljs$core$take_while$cljs$0core$0IFn$0_invoke$0arity$02:qn
cljs$core$tapset:Fo
cljs$core$throw_no_method_error:so
cljs$core$to_array:xj
cljs$core$transduce$cljs$0core$0IFn$0_invoke$0arity$04:Dj
cljs$core$tree_seq:kl
cljs$core$truth_:q
cljs$core$tv_editable_root:Nl
cljs$core$tv_editable_tail:Ol
cljs$core$tv_ensure_editable:Zl
cljs$core$tv_push_tail:$l
cljs$core$type:pg
cljs$core$type__GT_str:rg
cljs$core$unchecked_array_for:El
cljs$core$update$cljs$0core$0IFn$0_invoke$0arity$03:sl
cljs$core$update$cljs$0core$0IFn$0_invoke$0arity$04:ul
cljs$core$update_in:rl
cljs$core$val:vm
cljs$core$vals:pm
cljs$core$vary_meta$cljs$0core$0IFn$0_invoke$0arity$03:xk
cljs$core$vary_meta$cljs$0core$0IFn$0_invoke$0arity$04:zk
cljs$core$vary_meta$cljs$0core$0IFn$0_invoke$0arity$05:Bk
cljs$core$vec:Sl
cljs$core$vector:Tl
cljs$core$vector_QMARK_:ij
cljs$core$vector_index_out_of_bounds:Dl
cljs$core$with_meta:Zi
cljs$core$write_all$cljs$0core$0IFn$0_invoke$0arity$0variadic:En
cljs$core$zipmap:on
cljs$cst$keyword$_LT__DASH_:gw
cljs$cst$keyword$_LT__GT_:tq
cljs$cst$keyword$_STAR_:Bt
cljs$cst$keyword$a_DOT_text_DASH_blue_DOT_no_DASH_underline_DOT_hover_COLON_underline:vs
cljs$cst$keyword$a_DOT_text_DASH_grey_DASH_light_DOT_no_DASH_underline:eI
cljs$cst$keyword$action:yz
cljs$cst$keyword$add_DASH_event:$q
cljs$cst$keyword$after:Vw
cljs$cst$keyword$allows_DASH_separator:ly
cljs$cst$keyword$alt_DASH_impl:Mn
cljs$cst$keyword$ancestors:ko
cljs$cst$keyword$anonymous:xr
cljs$cst$keyword$arg1:KA
cljs$cst$keyword$arg2:MA
cljs$cst$keyword$arg3:JA
cljs$cst$keyword$argc:cB
cljs$cst$keyword$arglists:Bv
cljs$cst$keyword$arglists_DASH_meta:Hx
cljs$cst$keyword$args:rA
cljs$cst$keyword$arity_DASH_1:Dt
cljs$cst$keyword$arity_DASH_n:nt
cljs$cst$keyword$array:vr
cljs$cst$keyword$as:Az
cljs$cst$keyword$at:rz
cljs$cst$keyword$atom:PB
cljs$cst$keyword$attr:Fy
cljs$cst$keyword$auto_DASH_run:Ev
cljs$cst$keyword$autobind:Cu
cljs$cst$keyword$base:hr
cljs$cst$keyword$base_DASH_args:mq
cljs$cst$keyword$before:cx
cljs$cst$keyword$binding_DASH_form_QMARK_:ny
cljs$cst$keyword$bindings:Fp
cljs$cst$keyword$block:cv
cljs$cst$keyword$bodies:vt
cljs$cst$keyword$body:Wy
cljs$cst$keyword$both:Xx
cljs$cst$keyword$bracket_DASH_info:bA
cljs$cst$keyword$bs:oz
cljs$cst$keyword$buffer:zA
cljs$cst$keyword$buffer_DASH_blob:jy
cljs$cst$keyword$buffer_DASH_block:It
cljs$cst$keyword$buffer_DASH_level:xu
cljs$cst$keyword$buffering:Aq
cljs$cst$keyword$case_STAR_:$x
cljs$cst$keyword$catch:hy
cljs$cst$keyword$catches:Kp
cljs$cst$keyword$cblocks:jt
cljs$cst$keyword$char_DASH_format:Vy
cljs$cst$keyword$children:xt
cljs$cst$keyword$circle:Jp
cljs$cst$keyword$class:lz
cljs$cst$keyword$clauses:hz
cljs$cst$keyword$clj:is
cljs$cst$keyword$cljc:Lx
cljs$cst$keyword$cljs:Rx
cljs$cst$keyword$cljsLegacyRender:Ws
cljs$cst$keyword$cljs_DOT_analyzer_SLASH_access:Ku
cljs$cst$keyword$cljs_DOT_analyzer_SLASH_analyzed:Ak
cljs$cst$keyword$cljs_DOT_analyzer_SLASH_call:Ly
cljs$cst$keyword$cljs_DOT_analyzer_SLASH_constant_DASH_table:Iq
cljs$cst$keyword$cljs_DOT_analyzer_SLASH_constants:Iz
cljs$cst$keyword$cljs_DOT_analyzer_SLASH_data_DASH_readers:Su
cljs$cst$keyword$cljs_DOT_analyzer_SLASH_error:Px
cljs$cst$keyword$cljs_DOT_analyzer_SLASH_expr:Bz
cljs$cst$keyword$cljs_DOT_analyzer_SLASH_externs:rB
cljs$cst$keyword$cljs_DOT_analyzer_SLASH_list:OB
cljs$cst$keyword$cljs_DOT_analyzer_SLASH_namespaces:dt
cljs$cst$keyword$cljs_DOT_analyzer_SLASH_no_DASH_resolve:Eq
cljs$cst$keyword$cljs_DOT_analyzer_SLASH_numeric:es
cljs$cst$keyword$cljs_DOT_analyzer_SLASH_property:Up
cljs$cst$keyword$cljs_DOT_analyzer_SLASH_protocol_DASH_impl:xw
cljs$cst$keyword$cljs_DOT_analyzer_SLASH_protocol_DASH_inline:Cs
cljs$cst$keyword$cljs_DOT_analyzer_SLASH_set_DASH_unchecked_DASH_arrays:tt
cljs$cst$keyword$cljs_DOT_analyzer_SLASH_set_DASH_unchecked_DASH_if:sw
cljs$cst$keyword$cljs_DOT_analyzer_SLASH_set_DASH_warn_DASH_on_DASH_infer:os
cljs$cst$keyword$cljs_DOT_analyzer_SLASH_symbol:Ju
cljs$cst$keyword$cljs_DOT_analyzer_SLASH_type:qx
cljs$cst$keyword$cljs_DOT_core_SLASH_not_DASH_found:en
cljs$cst$keyword$cljs_DOT_spec_DOT_alpha_SLASH_accept:Sv
cljs$cst$keyword$cljs_DOT_spec_DOT_alpha_SLASH_alt:Gp
cljs$cst$keyword$cljs_DOT_spec_DOT_alpha_SLASH_amp:Ap
cljs$cst$keyword$cljs_DOT_spec_DOT_alpha_SLASH_gfn:Oy
cljs$cst$keyword$cljs_DOT_spec_DOT_alpha_SLASH_invalid:Fu
cljs$cst$keyword$cljs_DOT_spec_DOT_alpha_SLASH_k:bu
cljs$cst$keyword$cljs_DOT_spec_DOT_alpha_SLASH_kvs_DASH__GT_map:Iv
cljs$cst$keyword$cljs_DOT_spec_DOT_alpha_SLASH_name:br
cljs$cst$keyword$cljs_DOT_spec_DOT_alpha_SLASH_nil:Tp
cljs$cst$keyword$cljs_DOT_spec_DOT_alpha_SLASH_op:Zr
cljs$cst$keyword$cljs_DOT_spec_DOT_alpha_SLASH_pcat:Gu
cljs$cst$keyword$cljs_DOT_spec_DOT_alpha_SLASH_rep:mA
cljs$cst$keyword$cljs_DOT_spec_DOT_alpha_SLASH_unknown:tB
cljs$cst$keyword$cljs_DOT_spec_DOT_alpha_SLASH_v:Zt
cljs$cst$keyword$cljs_SLASH_analysis_DASH_error:$r
cljs$cst$keyword$code:hs
cljs$cst$keyword$coeffects:tl
cljs$cst$keyword$cofx:rt
cljs$cst$keyword$colinc:us
cljs$cst$keyword$colnum:$z
cljs$cst$keyword$colon:kw
cljs$cst$keyword$colon_DASH_up_DASH_arrow:sy
cljs$cst$keyword$column:PA
cljs$cst$keyword$commachar:rv
cljs$cst$keyword$commainterval:eu
cljs$cst$keyword$componentFunction:ps
cljs$cst$keyword$componentWillMount:JB
cljs$cst$keyword$componentWillUnmount:xx
cljs$cst$keyword$component_DASH_did_DASH_mount:FA
cljs$cst$keyword$component_DASH_did_DASH_update:AA
cljs$cst$keyword$component_DASH_will_DASH_unmount:Gr
cljs$cst$keyword$const:mw
cljs$cst$keyword$const_DASH_expr:sB
cljs$cst$keyword$constant:by
cljs$cst$keyword$context:Uz
cljs$cst$keyword$count:gz
cljs$cst$keyword$ctor:Lz
cljs$cst$keyword$cur:Pt
cljs$cst$keyword$current:Js
cljs$cst$keyword$current_DASH_symbol:Qv
cljs$cst$keyword$d:ox
cljs$cst$keyword$data:sp
cljs$cst$keyword$db:RA
cljs$cst$keyword$db_DASH_handler:zy
cljs$cst$keyword$dblock:oA
cljs$cst$keyword$debug:dy
cljs$cst$keyword$debux_DOT_common_DOT_macro_DASH_specs_SLASH_arg_DASH_list:wz
cljs$cst$keyword$debux_DOT_common_DOT_macro_DASH_specs_SLASH_args_PLUS_body:Cw
cljs$cst$keyword$debux_DOT_common_DOT_macro_DASH_specs_SLASH_def_DASH_args:hA
cljs$cst$keyword$debux_DOT_common_DOT_macro_DASH_specs_SLASH_defn_DASH_args:Rp
cljs$cst$keyword$debux_DOT_common_DOT_macro_DASH_specs_SLASH_fn_DASH_args:pr
cljs$cst$keyword$debux_DOT_common_DOT_macro_DASH_specs_SLASH_name:Wz
cljs$cst$keyword$declared:By
cljs$cst$keyword$def:rq
cljs$cst$keyword$def_DASH_emits_DASH_var:ir
cljs$cst$keyword$def_DASH_var:op
cljs$cst$keyword$default:uo
cljs$cst$keyword$defrecord_STAR_:Ms
cljs$cst$keyword$defs:Nt
cljs$cst$keyword$deftype_STAR_:Lp
cljs$cst$keyword$demo_DOT_subs_SLASH_app_DASH_view:ls
cljs$cst$keyword$dep_DASH_path:oB
cljs$cst$keyword$deprecated:Rq
cljs$cst$keyword$deprecation_DASH_nowarn:Vq
cljs$cst$keyword$deps:wt
cljs$cst$keyword$deref:pB
cljs$cst$keyword$deregister_DASH_event_DASH_handler:Iu
cljs$cst$keyword$descendants:jo
cljs$cst$keyword$directive:Uq
cljs$cst$keyword$dispatch:tz
cljs$cst$keyword$dispatch_DASH_later:Pw
cljs$cst$keyword$dispatch_DASH_n:wA
cljs$cst$keyword$displayName:Ny
cljs$cst$keyword$display_DASH_name:Ox
cljs$cst$keyword$div:qr
cljs$cst$keyword$div_DOT_flex_DOT_flex_DASH_col_DOT_items_DASH_center_DOT_text_DASH_center_DOT_min_DASH_h_DASH_screen:fI
cljs$cst$keyword$do:NA
cljs$cst$keyword$do_DASH_fx:mr
cljs$cst$keyword$doc:Gy
cljs$cst$keyword$docstring:Sw
cljs$cst$keyword$done:Vx
cljs$cst$keyword$done_DASH_nl:Dp
cljs$cst$keyword$dot:My
cljs$cst$keyword$dot_DASH_action:Kq
cljs$cst$keyword$dup:gg
cljs$cst$keyword$dynamic:Zy
cljs$cst$keyword$e:mx
cljs$cst$keyword$effects:lr
cljs$cst$keyword$else:dv
cljs$cst$keyword$else_DASH_params:KB
cljs$cst$keyword$end:fy
cljs$cst$keyword$endAngle:rN
cljs$cst$keyword$end_DASH_block_DASH_t:LB
cljs$cst$keyword$end_DASH_column:$p
cljs$cst$keyword$end_DASH_line:xp
cljs$cst$keyword$end_DASH_pos:Dv
cljs$cst$keyword$env:xy
cljs$cst$keyword$error:gr
cljs$cst$keyword$event:jr
cljs$cst$keyword$exception:vq
cljs$cst$keyword$exclude:my
cljs$cst$keyword$excludes:CA
cljs$cst$keyword$exponentchar:Qq
cljs$cst$keyword$export:du
cljs$cst$keyword$expr:Hy
cljs$cst$keyword$exprs:bs
cljs$cst$keyword$extend_DASH_type_DASH_invalid_DASH_method_DASH_shape:Pp
cljs$cst$keyword$extending_DASH_base_DASH_js_DASH_type:Gt
cljs$cst$keyword$externs:Xw
cljs$cst$keyword$f:nx
cljs$cst$keyword$fallback_DASH_impl:Nn
cljs$cst$keyword$fblock:Ww
cljs$cst$keyword$fexpr:zw
cljs$cst$keyword$field:kz
cljs$cst$keyword$fields:eB
cljs$cst$keyword$file:Mu
cljs$cst$keyword$fill:Nu
cljs$cst$keyword$finally:dw
cljs$cst$keyword$finish_DASH_run:Kw
cljs$cst$keyword$first:Dr
cljs$cst$keyword$flag:yr
cljs$cst$keyword$flags:ty
cljs$cst$keyword$flush_DASH_dom:EA
cljs$cst$keyword$flush_DASH_on_DASH_newline:dg
cljs$cst$keyword$fn:qA
cljs$cst$keyword$fn_DASH_arity:Iw
cljs$cst$keyword$fn_DASH_deprecated:GA
cljs$cst$keyword$fn_DASH_scope:Op
cljs$cst$keyword$fn_DASH_self_DASH_name:Aw
cljs$cst$keyword$fn_DASH_var:gq
cljs$cst$keyword$fname:fB
cljs$cst$keyword$fns:tr
cljs$cst$keyword$footer_DOT_w_DASH_full_DOT_p_DASH_6:fz
cljs$cst$keyword$form:pu
cljs$cst$keyword$forms:Ot
cljs$cst$keyword$frame:jA
cljs$cst$keyword$fsm_DASH_state:Rv
cljs$cst$keyword$func:zx
cljs$cst$keyword$fx:uA
cljs$cst$keyword$generator_DASH_fn:XA
cljs$cst$keyword$global:Wp
cljs$cst$keyword$global_DASH_exports:kq
cljs$cst$keyword$group:ry
cljs$cst$keyword$groupEnd:NB
cljs$cst$keyword$header_DOT_bg_DASH_indigo_DASH_darker_DOT_w_DASH_full_DOT_p_DASH_8:Cz
cljs$cst$keyword$height:uN
cljs$cst$keyword$hierarchy:lx
cljs$cst$keyword$home:zt
cljs$cst$keyword$href:Pr
cljs$cst$keyword$id:AB
cljs$cst$keyword$idle:Qo
cljs$cst$keyword$if:zB
cljs$cst$keyword$impls:zq
cljs$cst$keyword$import:Yw
cljs$cst$keyword$imports:cA
cljs$cst$keyword$include_DASH_macros:or
cljs$cst$keyword$indent:GB
cljs$cst$keyword$indent_DASH_t:Ex
cljs$cst$keyword$infer_DASH_warning:Ts
cljs$cst$keyword$info:cu
cljs$cst$keyword$init:Rt
cljs$cst$keyword$initialize_DASH_db:dp
cljs$cst$keyword$internal_DASH_ctor:Or
cljs$cst$keyword$intra_DASH_block_DASH_nl:ms
cljs$cst$keyword$invalid_DASH_arithmetic:fr
cljs$cst$keyword$invalid_DASH_arity:zv
cljs$cst$keyword$invalid_DASH_array_DASH_access:ew
cljs$cst$keyword$invalid_DASH_protocol_DASH_symbol:Ur
cljs$cst$keyword$invoke:Lu
cljs$cst$keyword$invoke_DASH_ctor:Au
cljs$cst$keyword$items:Wv
cljs$cst$keyword$js:iB
cljs$cst$keyword$js_DASH_dependency_DASH_index:Hq
cljs$cst$keyword$js_DASH_fn_DASH_var:Ix
cljs$cst$keyword$js_DASH_globals:Jx
cljs$cst$keyword$js_DASH_module_DASH_index:lw
cljs$cst$keyword$js_DASH_op:yu
cljs$cst$keyword$js_DASH_provide:Sx
cljs$cst$keyword$js_DASH_shadowed_DASH_by_DASH_local:cp
cljs$cst$keyword$js_DASH_type:ov
cljs$cst$keyword$js_DASH_value:Lr
cljs$cst$keyword$jsdoc:uv
cljs$cst$keyword$k:kx
cljs$cst$keyword$key:QA
cljs$cst$keyword$keys:js
cljs$cst$keyword$keyword_DASH_fn:eo
cljs$cst$keyword$keywordize_DASH_keys:Wt
cljs$cst$keyword$ks:zp
cljs$cst$keyword$last:ex
cljs$cst$keyword$length:Zp
cljs$cst$keyword$let:yt
cljs$cst$keyword$letfn:iv
cljs$cst$keyword$level:Wo
cljs$cst$keyword$li_DOT_mx_DASH_2:Ps
cljs$cst$keyword$lib:nu
cljs$cst$keyword$line:ap
cljs$cst$keyword$linear:aw
cljs$cst$keyword$lines:iw
cljs$cst$keyword$list:OA
cljs$cst$keyword$local:Fv
cljs$cst$keyword$locals:kt
cljs$cst$keyword$log:hp
cljs$cst$keyword$logical_DASH_block:ws
cljs$cst$keyword$logical_DASH_block_DASH_callback:YA
cljs$cst$keyword$logical_DASH_blocks:ts
cljs$cst$keyword$loop:Xq
cljs$cst$keyword$loop_DASH_lets:cq
cljs$cst$keyword$macro:lp
cljs$cst$keyword$macro_DASH_present_QMARK_:Vz
cljs$cst$keyword$macros:Vt
cljs$cst$keyword$macros_DASH_ns:Ty
cljs$cst$keyword$main_DOT_w_DASH_full_DOT_bg_DASH_grey_DASH_lightest_DOT_flex_DASH_grow_DOT_flex_DOT_items_DASH_center_DOT_justify_DASH_center_DOT_p_DASH_8:pA
cljs$cst$keyword$mandatory:Xp
cljs$cst$keyword$map:Ry
cljs$cst$keyword$max:cz
cljs$cst$keyword$max_DASH_columns:az
cljs$cst$keyword$max_DASH_fixed_DASH_arity:ns
cljs$cst$keyword$max_DASH_iterations:uB
cljs$cst$keyword$maybe:Kt
cljs$cst$keyword$meta:fg
cljs$cst$keyword$method:Jv
cljs$cst$keyword$method_DASH_params:Bs
cljs$cst$keyword$methods:xA
cljs$cst$keyword$min_DASH_remaining:mv
cljs$cst$keyword$mincol:jB
cljs$cst$keyword$minpad:rw
cljs$cst$keyword$miser:Oz
cljs$cst$keyword$miser_DASH_width:iz
cljs$cst$keyword$missing:$u
cljs$cst$keyword$mode:$y
cljs$cst$keyword$module_DASH_type:ww
cljs$cst$keyword$more_DASH_marker:Dn
cljs$cst$keyword$ms:$o
cljs$cst$keyword$multiple_DASH_variadic_DASH_overloads:iu
cljs$cst$keyword$munged_DASH_namespace:Qs
cljs$cst$keyword$mutable:Tw
cljs$cst$keyword$n:yx
cljs$cst$keyword$name:Dz
cljs$cst$keyword$nav_DASH_handler:Xz
cljs$cst$keyword$new:Vs
cljs$cst$keyword$nil:At
cljs$cst$keyword$nl_DASH_t:Dy
cljs$cst$keyword$no_DASH_cache:qq
cljs$cst$keyword$no_DASH_op:Ht
cljs$cst$keyword$no_DASH_such_DASH_method:BA
cljs$cst$keyword$node:ks
cljs$cst$keyword$not_DASH_delivered:eq
cljs$cst$keyword$ns:Jo
cljs$cst$keyword$ns_DASH_name:kA
cljs$cst$keyword$ns_DASH_sym:Jt
cljs$cst$keyword$ns_DASH_var_DASH_clash:vB
cljs$cst$keyword$ns_STAR_:Uy
cljs$cst$keyword$num_DASH_fields:dr
cljs$cst$keyword$numeric:nz
cljs$cst$keyword$object:hv
cljs$cst$keyword$offset:pv
cljs$cst$keyword$on_DASH_dispose:ip
cljs$cst$keyword$on_DASH_set:Rz
cljs$cst$keyword$on_DASH_write:au
cljs$cst$keyword$only:qp
cljs$cst$keyword$op:xq
cljs$cst$keyword$options:Tz
cljs$cst$keyword$order:Nv
cljs$cst$keyword$overflowchar:hB
cljs$cst$keyword$overload_DASH_arity:gp
cljs$cst$keyword$p:cI
cljs$cst$keyword$p1:Xo
cljs$cst$keyword$p2:Uo
cljs$cst$keyword$p_DOT_text_DASH_3xl:Mw
cljs$cst$keyword$padchar:st
cljs$cst$keyword$page:Hz
cljs$cst$keyword$page_DASH_id:Uu
cljs$cst$keyword$parameter_DASH_from_DASH_args:Nz
cljs$cst$keyword$params:fv
cljs$cst$keyword$parent:Us
cljs$cst$keyword$parents:io
cljs$cst$keyword$path_DASH_exists_QMARK_:wr
cljs$cst$keyword$pause:iy
cljs$cst$keyword$paused:Et
cljs$cst$keyword$per_DASH_line_DASH_prefix:kp
cljs$cst$keyword$pmasks:Jy
cljs$cst$keyword$pos:Xt
cljs$cst$keyword$preamble_DASH_missing:vw
cljs$cst$keyword$prefix:sr
cljs$cst$keyword$prepost:Gx
cljs$cst$keyword$prepost_PLUS_body:bB
cljs$cst$keyword$preprocess:$A
cljs$cst$keyword$pretty:wu
cljs$cst$keyword$pretty_DASH_writer:ru
cljs$cst$keyword$print_DASH_length:hg
cljs$cst$keyword$private:Ep
cljs$cst$keyword$property:Dq
cljs$cst$keyword$protocol:lB
cljs$cst$keyword$protocol_DASH_deprecated:eA
cljs$cst$keyword$protocol_DASH_duped_DASH_method:Yz
cljs$cst$keyword$protocol_DASH_impl:uw
cljs$cst$keyword$protocol_DASH_impl_DASH_recur_DASH_with_DASH_target:ys
cljs$cst$keyword$protocol_DASH_impl_DASH_with_DASH_variadic_DASH_method:Pz
cljs$cst$keyword$protocol_DASH_info:Ou
cljs$cst$keyword$protocol_DASH_inline:IB
cljs$cst$keyword$protocol_DASH_invalid_DASH_method:iA
cljs$cst$keyword$protocol_DASH_multiple_DASH_impls:Eu
cljs$cst$keyword$protocol_DASH_symbol:rs
cljs$cst$keyword$protocol_DASH_with_DASH_variadic_DASH_method:qz
cljs$cst$keyword$protocols:vp
cljs$cst$keyword$ps:dq
cljs$cst$keyword$query_DASH_params:fu
cljs$cst$keyword$queue:vl
cljs$cst$keyword$quoted_QMARK_:qy
cljs$cst$keyword$radix:Xu
cljs$cst$keyword$re_DASH_frame_DOT_std_DASH_interceptors_SLASH_not_DASH_found:zu
cljs$cst$keyword$re_DASH_frame_DOT_std_DASH_interceptors_SLASH_untrimmed_DASH_event:Fz
cljs$cst$keyword$readably:eg
cljs$cst$keyword$reagentRender:gt
cljs$cst$keyword$reagent_DASH_render:ax
cljs$cst$keyword$record:Ar
cljs$cst$keyword$record_DASH_value:ht
cljs$cst$keyword$recur:Sp
cljs$cst$keyword$recur_DASH_frames:$w
cljs$cst$keyword$recurs:Qz
cljs$cst$keyword$redef:ot
cljs$cst$keyword$redef_DASH_in_DASH_file:uu
cljs$cst$keyword$refer:Yt
cljs$cst$keyword$refer_DASH_clojure:lA
cljs$cst$keyword$refer_DASH_macros:Yp
cljs$cst$keyword$relative_DASH_to:vy
cljs$cst$keyword$reload:Av
cljs$cst$keyword$reload_DASH_all:mu
cljs$cst$keyword$reloads:Mq
cljs$cst$keyword$remaining_DASH_arg_DASH_count:Lt
cljs$cst$keyword$rename:Os
cljs$cst$keyword$rename_DASH_macros:Kr
cljs$cst$keyword$renames:fp
cljs$cst$keyword$render:yv
cljs$cst$keyword$rep_PLUS_:DB
cljs$cst$keyword$require:mp
cljs$cst$keyword$require_DASH_macros:lu
cljs$cst$keyword$requires:vA
cljs$cst$keyword$rest:lv
cljs$cst$keyword$resume:cy
cljs$cst$keyword$ret:Tx
cljs$cst$keyword$ret_DASH_tag:Pv
cljs$cst$keyword$return:aq
cljs$cst$keyword$right:qs
cljs$cst$keyword$right_DASH_bracket:it
cljs$cst$keyword$right_DASH_margin:Lq
cljs$cst$keyword$right_DASH_params:zr
cljs$cst$keyword$root_DASH_source_DASH_info:ur
cljs$cst$keyword$route:Is
cljs$cst$keyword$routes_SLASH_home:gs
cljs$cst$keyword$routes_SLASH_visualization:px
cljs$cst$keyword$run_DASH_queue:av
cljs$cst$keyword$running:Ls
cljs$cst$keyword$scheduled:er
cljs$cst$keyword$secretary_DOT_core_SLASH_map:Tv
cljs$cst$keyword$secretary_DOT_core_SLASH_sequential:Tt
cljs$cst$keyword$section:aA
cljs$cst$keyword$sections:hw
cljs$cst$keyword$seen:Zs
cljs$cst$keyword$segs:ar
cljs$cst$keyword$selector:Mz
cljs$cst$keyword$separator:gu
cljs$cst$keyword$seq:Yq
cljs$cst$keyword$sequential:sA
cljs$cst$keyword$set:Zq
cljs$cst$keyword$set_BANG_:Mr
cljs$cst$keyword$shadow:fA
cljs$cst$keyword$shouldComponentUpdate:yB
cljs$cst$keyword$single_DASH_segment_DASH_namespace:hu
cljs$cst$keyword$source:Cp
cljs$cst$keyword$splice:sz
cljs$cst$keyword$stack:ct
cljs$cst$keyword$start:Mp
cljs$cst$keyword$startAngle:tN
cljs$cst$keyword$start_DASH_block_DASH_t:jp
cljs$cst$keyword$start_DASH_col:Ns
cljs$cst$keyword$start_DASH_pos:Br
cljs$cst$keyword$state:lq
cljs$cst$keyword$statement:gB
cljs$cst$keyword$statements:nv
cljs$cst$keyword$strable:wx
cljs$cst$keyword$stream:BB
cljs$cst$keyword$string:rp
cljs$cst$keyword$sub:HA
cljs$cst$keyword$suffix:tA
cljs$cst$keyword$suggested_DASH_symbol:cr
cljs$cst$keyword$suppress_DASH_namespaces:Rs
cljs$cst$keyword$svg:vN
cljs$cst$keyword$sym:xB
cljs$cst$keyword$symbol:Ax
cljs$cst$keyword$t:vx
cljs$cst$keyword$tag:Yv
cljs$cst$keyword$target:Vp
cljs$cst$keyword$test:pw
cljs$cst$keyword$tests:Xy
cljs$cst$keyword$then:lt
cljs$cst$keyword$thens:Ky
cljs$cst$keyword$throw:nA
cljs$cst$keyword$top_DASH_fn:ju
cljs$cst$keyword$trailing_DASH_white_DASH_space:nr
cljs$cst$keyword$trigger:dx
cljs$cst$keyword$trim_DASH_v:Ct
cljs$cst$keyword$try:at
cljs$cst$keyword$type:Tr
cljs$cst$keyword$type_DASH_tag:Yo
cljs$cst$keyword$types:Zv
cljs$cst$keyword$ul_DOT_list_DASH_reset_DOT_flex_DOT_justify_DASH_center:dI
cljs$cst$keyword$unchecked:pp
cljs$cst$keyword$undeclared_DASH_macros_DASH_ns:Wx
cljs$cst$keyword$undeclared_DASH_ns:MB
cljs$cst$keyword$undeclared_DASH_ns_DASH_form:Es
cljs$cst$keyword$undeclared_DASH_protocol_DASH_symbol:Bp
cljs$cst$keyword$undeclared_DASH_var:Hs
cljs$cst$keyword$unnamed:Qr
cljs$cst$keyword$unprovided:Ys
cljs$cst$keyword$unsupported_DASH_js_DASH_module_DASH_type:Sy
cljs$cst$keyword$unsupported_DASH_preprocess_DASH_value:Hu
cljs$cst$keyword$unsynchronized_DASH_mutable:su
cljs$cst$keyword$up_DASH_arrow:UA
cljs$cst$keyword$use:ez
cljs$cst$keyword$use_DASH_macros:Wr
cljs$cst$keyword$uses:Uv
cljs$cst$keyword$v:ux
cljs$cst$keyword$val:Vn
cljs$cst$keyword$valid_QMARK_:wq
cljs$cst$keyword$validator:vu
cljs$cst$keyword$vals:Bu
cljs$cst$keyword$value:Nx
cljs$cst$keyword$var:qv
cljs$cst$keyword$var_DASH_ast:Ov
cljs$cst$keyword$var_DASH_special:iq
cljs$cst$keyword$variadic:cs
cljs$cst$keyword$variadic_DASH_max_DASH_arity:Ut
cljs$cst$keyword$vector:ey
cljs$cst$keyword$visualization:bI
cljs$cst$keyword$volatile_DASH_mutable:Ds
cljs$cst$keyword$w:sx
cljs$cst$keyword$warn:Jz
cljs$cst$keyword$warn_DASH_type:Hp
cljs$cst$keyword$warning_DASH_type:zs
cljs$cst$keyword$width:sN
cljs$cst$keyword$writing:Ks
cljs$cst$keyword$yield:qB
cljs$cst$symbol$Array:Gq
cljs$cst$symbol$Boolean:As
cljs$cst$symbol$Function:Zu
cljs$cst$symbol$Math:xs
cljs$cst$symbol$Number:Xs
cljs$cst$symbol$Object:Fs
cljs$cst$symbol$String:FB
cljs$cst$symbol$Symbol:So
cljs$cst$symbol$Window:Cr
cljs$cst$symbol$_AMPERSAND_:bt
cljs$cst$symbol$_DASH__GT_:xv
cljs$cst$symbol$_DOT_:pz
cljs$cst$symbol$_DOT__DASH_cljs$lang$test:hq
cljs$cst$symbol$_DOT__DOT_:tu
cljs$cst$symbol$_PERCENT_:qu
cljs$cst$symbol$_STAR_unchecked_DASH_arrays_STAR_:Gv
cljs$cst$symbol$_STAR_unchecked_DASH_if_STAR_:Cx
cljs$cst$symbol$_STAR_warn_DASH_on_DASH_infer_STAR_:Vv
cljs$cst$symbol$__extmap:Yy
cljs$cst$symbol$__hash:bp
cljs$cst$symbol$__meta:Qw
cljs$cst$symbol$any:tw
cljs$cst$symbol$array:Qu
cljs$cst$symbol$binding:jz
cljs$cst$symbol$boolean:ZA
cljs$cst$symbol$bytes:Kx
cljs$cst$symbol$capped:ky
cljs$cst$symbol$case_STAR_:ev
cljs$cst$symbol$catch:Hv
cljs$cst$symbol$cform:Wq
cljs$cst$symbol$chars:Uw
cljs$cst$symbol$clauses:ft
cljs$cst$symbol$clj:tv
cljs$cst$symbol$clj_DASH_nil:Vr
cljs$cst$symbol$cljs_DOT_core:To
cljs$cst$symbol$cljs_DOT_core$macros:ay
cljs$cst$symbol$cljs_DOT_core_DOT_PersistentQueue_DOT_EMPTY:pt
cljs$cst$symbol$cljs_DOT_core_SLASH_IList:yy
cljs$cst$symbol$cljs_DOT_core_SLASH_IMap:Yx
cljs$cst$symbol$cljs_DOT_core_SLASH_ISet:ow
cljs$cst$symbol$cljs_DOT_core_SLASH_IVector:yw
cljs$cst$symbol$cljs_DOT_core_SLASH_Keyword:dB
cljs$cst$symbol$cljs_DOT_core_SLASH_List:Cy
cljs$cst$symbol$cljs_DOT_core_SLASH_Object:vz
cljs$cst$symbol$cljs_DOT_core_SLASH_PersistentHashMap:gv
cljs$cst$symbol$cljs_DOT_core_SLASH_Symbol:Nq
cljs$cst$symbol$cljs_DOT_core_SLASH_any_QMARK_:IA
cljs$cst$symbol$cljs_DOT_core_SLASH_checked_DASH_aget:Vu
cljs$cst$symbol$cljs_DOT_core_SLASH_checked_DASH_aget_SINGLEQUOTE_:np
cljs$cst$symbol$cljs_DOT_core_SLASH_checked_DASH_aset:Gz
cljs$cst$symbol$cljs_DOT_core_SLASH_checked_DASH_aset_SINGLEQUOTE_:Fw
cljs$cst$symbol$cljs_DOT_core_SLASH_cond:uq
cljs$cst$symbol$cljs_DOT_core_SLASH_deref:Qp
cljs$cst$symbol$cljs_DOT_core_SLASH_fn:Ip
cljs$cst$symbol$cljs_DOT_core_SLASH_identity:Sz
cljs$cst$symbol$cljs_DOT_core_SLASH_instance_QMARK_:Iy
cljs$cst$symbol$cljs_DOT_core_SLASH_into:wB
cljs$cst$symbol$cljs_DOT_core_SLASH_let:Mt
cljs$cst$symbol$cljs_DOT_core_SLASH_lift_DASH_ns:ix
cljs$cst$symbol$cljs_DOT_core_SLASH_map:gA
cljs$cst$symbol$cljs_DOT_core_SLASH_map_QMARK_:$s
cljs$cst$symbol$cljs_DOT_core_SLASH_ns_DASH_special_DASH_form:kr
cljs$cst$symbol$cljs_DOT_core_SLASH_simple_DASH_symbol_QMARK_:tp
cljs$cst$symbol$cljs_DOT_core_SLASH_string_QMARK_:Bq
cljs$cst$symbol$cljs_DOT_core_SLASH_unquote:nq
cljs$cst$symbol$cljs_DOT_core_SLASH_vector_QMARK_:hx
cljs$cst$symbol$cljs_DOT_core_SLASH_zipmap:wv
cljs$cst$symbol$cljs_DOT_repl:qw
cljs$cst$symbol$cljs_DOT_spec_DOT_alpha:No
cljs$cst$symbol$cljs_DOT_spec_DOT_alpha_SLASH__PLUS_:VA
cljs$cst$symbol$cljs_DOT_spec_DOT_alpha_SLASH__QMARK_:aB
cljs$cst$symbol$cljs_DOT_spec_DOT_alpha_SLASH__STAR_:Ir
cljs$cst$symbol$cljs_DOT_spec_DOT_alpha_SLASH_alt:ku
cljs$cst$symbol$cljs_DOT_spec_DOT_alpha_SLASH_and:Qt
cljs$cst$symbol$cljs_DOT_spec_DOT_alpha_SLASH_cat:Pq
cljs$cst$symbol$cljs_DOT_spec_DOT_alpha_SLASH_conformer:Ay
cljs$cst$symbol$cljs_DOT_spec_DOT_alpha_SLASH_spec:Ow
cljs$cst$symbol$cljs_DOT_user:sv
cljs$cst$symbol$clojure_DOT_core_SLASH_deref:qt
cljs$cst$symbol$clojure_DOT_core_SLASH_let:gy
cljs$cst$symbol$clojure_DOT_core_SLASH_unquote:oy
cljs$cst$symbol$clojure_DOT_core_SLASH_when:xz
cljs$cst$symbol$cond:Qy
cljs$cst$symbol$condp:nB
cljs$cst$symbol$cpred_QMARK_:nw
cljs$cst$symbol$debux_DOT_common_DOT_macro_DASH_specs_SLASH_arg_DASH_list_DASH_unformer:EB
cljs$cst$symbol$debux_DOT_common_DOT_macro_DASH_specs_SLASH_name_DASH_unformer:Zz
cljs$cst$symbol$debux_DOT_common_DOT_macro_DASH_specs_SLASH_skip:TA
cljs$cst$symbol$def:St
cljs$cst$symbol$defmacro:HB
cljs$cst$symbol$defn:Lv
cljs$cst$symbol$defn_DASH_:yA
cljs$cst$symbol$defonce:ou
cljs$cst$symbol$defrecord_STAR_:Vo
cljs$cst$symbol$deftype_STAR_:CB
cljs$cst$symbol$demo_DOT_views_DOT_chart_SLASH_render:Hr
cljs$cst$symbol$do:jw
cljs$cst$symbol$doseq:wy
cljs$cst$symbol$dotimes:sq
cljs$cst$symbol$double:Gs
cljs$cst$symbol$doubles:Du
cljs$cst$symbol$fields:Bx
cljs$cst$symbol$finally:yq
cljs$cst$symbol$floats:wp
cljs$cst$symbol$fn:tx
cljs$cst$symbol$fn_STAR_:yp
cljs$cst$symbol$form:Ew
cljs$cst$symbol$forms:Fq
cljs$cst$symbol$function:Ft
cljs$cst$symbol$gfn:Py
cljs$cst$symbol$goog:pq
cljs$cst$symbol$goog_DOT_array:Tu
cljs$cst$symbol$goog_DOT_object:Nr
cljs$cst$symbol$goog_DOT_string:Oq
cljs$cst$symbol$if:Zw
cljs$cst$symbol$if_DASH_let:mB
cljs$cst$symbol$if_DASH_not:fq
cljs$cst$symbol$ignore:Np
cljs$cst$symbol$inst:uz
cljs$cst$symbol$ints:mz
cljs$cst$symbol$js:uy
cljs$cst$symbol$js_SLASH_Array:dA
cljs$cst$symbol$js_SLASH_Boolean:Ez
cljs$cst$symbol$js_SLASH_Function:fw
cljs$cst$symbol$js_SLASH_Number:jx
cljs$cst$symbol$js_SLASH_Object:bw
cljs$cst$symbol$js_SLASH_String:kB
cljs$cst$symbol$js_STAR_:Cv
cljs$cst$symbol$k:as
cljs$cst$symbol$last_DASH_was_DASH_whitespace_QMARK_:Fr
cljs$cst$symbol$lb:py
cljs$cst$symbol$let:Rw
cljs$cst$symbol$let_STAR_:Er
cljs$cst$symbol$letfn_STAR_:rr
cljs$cst$symbol$lift_DASH_ns:Fx
cljs$cst$symbol$locking:Tq
cljs$cst$symbol$long:zz
cljs$cst$symbol$longs:jv
cljs$cst$symbol$loop:Kz
cljs$cst$symbol$loop_STAR_:bx
cljs$cst$symbol$m:Yr
cljs$cst$symbol$macroexpand_DASH_check:SA
cljs$cst$symbol$max_DASH_columns:fs
cljs$cst$symbol$meta24198:Fk
cljs$cst$symbol$meta27531:WA
cljs$cst$symbol$meta28092:Cq
cljs$cst$symbol$meta28911:up
cljs$cst$symbol$meta28962:Ru
cljs$cst$symbol$meta29039:Dx
cljs$cst$symbol$meta29076:Dw
cljs$cst$symbol$meta29261:Mx
cljs$cst$symbol$meta29568:bz
cljs$cst$symbol$meta30186:oq
cljs$cst$symbol$meta30406:et
cljs$cst$symbol$meta31190:Xv
cljs$cst$symbol$miser_DASH_width:ut
cljs$cst$symbol$new:cw
cljs$cst$symbol$not_DASH_native:Ro
cljs$cst$symbol$ns:Qx
cljs$cst$symbol$ns_STAR_:ep
cljs$cst$symbol$number:Kv
cljs$cst$symbol$object:Nw
cljs$cst$symbol$objects:rx
cljs$cst$symbol$orig_DASH_route:Gw
cljs$cst$symbol$p1__30431_SHARP_:Zx
cljs$cst$symbol$p1__30433_SHARP_:Pu
cljs$cst$symbol$params:Sr
cljs$cst$symbol$pred:Sq
cljs$cst$symbol$preds:mt
cljs$cst$symbol$prototype:Jq
cljs$cst$symbol$queue:bv
cljs$cst$symbol$quote:fx
cljs$cst$symbol$re:ds
cljs$cst$symbol$recur:Rr
cljs$cst$symbol$seq:$t
cljs$cst$symbol$set_BANG_:Ss
cljs$cst$symbol$shorts:vv
cljs$cst$symbol$specs:Jw
cljs$cst$symbol$string:Zo
cljs$cst$symbol$struct:Mv
cljs$cst$symbol$struct_DASH_map:kv
cljs$cst$symbol$symbol:LA
cljs$cst$symbol$throw:Lw
cljs$cst$symbol$try:Hw
cljs$cst$symbol$unc:Wu
cljs$cst$symbol$unquote:gx
cljs$cst$symbol$uuid:Yu
cljs$cst$symbol$v:Xr
cljs$cst$symbol$var:Ey
cljs$cst$symbol$vec__31185:$v
cljs$cst$symbol$when:ss
cljs$cst$symbol$when_DASH_first:Jr
cljs$cst$symbol$when_DASH_let:dz
cljs$cst$symbol$when_DASH_not:DA
cljs$cst$symbol$with_DASH_local_DASH_vars:Bw
cljs$cst$symbol$with_DASH_open:bq
cljs$cst$symbol$writer:Ux
cljs$env$_STAR_compiler_STAR_:yI
cljs$env$default_compiler_env$cljs$0core$0IFn$0_invoke$0arity$01:zI
cljs$pprint$_STAR_code_table_STAR_:rI
cljs$pprint$_STAR_current_length_STAR_:eG
cljs$pprint$_STAR_current_level_STAR_:dG
cljs$pprint$_STAR_format_str_STAR_:rG
cljs$pprint$_STAR_print_base_STAR_:cG
cljs$pprint$_STAR_print_circle_STAR_:$F
cljs$pprint$_STAR_print_lines_STAR_:ZF
cljs$pprint$_STAR_print_miser_width_STAR_:UF
cljs$pprint$_STAR_print_pprint_dispatch_STAR_:YF
cljs$pprint$_STAR_print_pretty_STAR_:XF
cljs$pprint$_STAR_print_radix_STAR_:bG
cljs$pprint$_STAR_print_right_margin_STAR_:TF
cljs$pprint$_STAR_print_suppress_namespaces_STAR_:aG
cljs$pprint$_STAR_symbol_map_STAR_:qI
cljs$pprint$_ppflush:qF
cljs$pprint$abort_QMARK_:YG
cljs$pprint$absolute_reposition:wG
cljs$pprint$add_english_scales:PG
cljs$pprint$add_to_buffer:PF
cljs$pprint$ancestor_QMARK_:wF
cljs$pprint$arg_navigator:tG
cljs$pprint$base_str:GG
cljs$pprint$boolean_conditional:iH
cljs$pprint$brackets:gI
cljs$pprint$buffer_blob:xF
cljs$pprint$c_write_char:tF
cljs$pprint$cached_compile:QH
cljs$pprint$capitalize_string:uH
cljs$pprint$capitalize_word_writer:vH
cljs$pprint$char_code:lF
cljs$pprint$check_arg_conditional:jH
cljs$pprint$check_enumerated_arg:iG
cljs$pprint$check_flags:GH
cljs$pprint$choice_conditional:hH
cljs$pprint$cl_format$cljs$0core$0IFn$0_invoke$0arity$0variadic:mG
cljs$pprint$code_dispatch:sI
cljs$pprint$collect_clauses:LH
cljs$pprint$column_writer$cljs$0core$0IFn$0_invoke$0arity$02:uF
cljs$pprint$compile_directive:IH
cljs$pprint$compile_format:nG
cljs$pprint$compile_raw_string:JH
cljs$pprint$compiled_directive:yG
cljs$pprint$conditional_newline:yH
cljs$pprint$consume:nF
cljs$pprint$directive_table:zH
cljs$pprint$dollar_float:gH
cljs$pprint$downcase_writer:sH
cljs$pprint$emit_nl:DF
cljs$pprint$emit_nl_QMARK_:JF
cljs$pprint$end_block:WF
cljs$pprint$end_block_t:AF
cljs$pprint$english_cardinal_tens:LG
cljs$pprint$english_cardinal_units:JG
cljs$pprint$english_ordinal_tens:MG
cljs$pprint$english_ordinal_units:KG
cljs$pprint$english_scale_numbers:NG
cljs$pprint$execute_format:qG
cljs$pprint$execute_format$cljs$0core$0IFn$0_invoke$0arity$02:PH
cljs$pprint$execute_format$cljs$0core$0IFn$0_invoke$0arity$03:pG
cljs$pprint$execute_sub_format:ZG
cljs$pprint$exponential_float:eH
cljs$pprint$extract_flags:FH
cljs$pprint$extract_param:CH
cljs$pprint$fixed_float:dH
cljs$pprint$flag_defs:EH
cljs$pprint$float_parts:$G
cljs$pprint$format_ascii:EG
cljs$pprint$format_error:sG
cljs$pprint$format_integer:IG
cljs$pprint$format_logical_block:pH
cljs$pprint$format_roman:TG
cljs$pprint$format_simple_cardinal:OG
cljs$pprint$format_simple_number:CG
cljs$pprint$format_simple_ordinal:QG
cljs$pprint$general_float:fH
cljs$pprint$get_field:rF
cljs$pprint$get_fixed:bH
cljs$pprint$get_format_arg:vG
cljs$pprint$get_miser_width:IF
cljs$pprint$get_section:KF
cljs$pprint$get_sub_section:LF
cljs$pprint$group_by_STAR_:HG
cljs$pprint$indent_t:BF
cljs$pprint$init_cap_writer:wH
cljs$pprint$init_navigator:oG
cljs$pprint$insert_scaled_decimal:cH
cljs$pprint$iterate_list_of_sublists:lH
cljs$pprint$iterate_main_list:mH
cljs$pprint$iterate_main_sublists:nH
cljs$pprint$iterate_sublist:kH
cljs$pprint$justify_clauses:qH
cljs$pprint$level_exceeded:jG
cljs$pprint$linear_nl_QMARK_:GF
cljs$pprint$logical_block:vF
cljs$pprint$logical_block_or_justify:oH
cljs$pprint$map_params:HH
cljs$pprint$map_passing_context:mF
cljs$pprint$map_ref_type:YH
cljs$pprint$miser_nl_QMARK_:HF
cljs$pprint$multi_defn:kI
cljs$pprint$needs_pretty:OH
cljs$pprint$new_roman_table:SG
cljs$pprint$next_arg:uG
cljs$pprint$nl_t:yF
cljs$pprint$old_roman_table:RG
cljs$pprint$opt_base_str:DG
cljs$pprint$param_pattern:AH
cljs$pprint$plain_character:XG
cljs$pprint$pprint_binding_form:nI
cljs$pprint$pprint_defn:lI
cljs$pprint$pprint_hold_first:iI
cljs$pprint$pprint_if:pI
cljs$pprint$pprint_indent:lG
cljs$pprint$pprint_let:oI
cljs$pprint$pprint_map:UH
cljs$pprint$pprint_newline:kG
cljs$pprint$pprint_ns_reference:hI
cljs$pprint$pprint_pqueue:ZH
cljs$pprint$pprint_reader_macro:SH
cljs$pprint$pprint_set:WH
cljs$pprint$pprint_simple_code_list:mI
cljs$pprint$pprint_simple_default:VH
cljs$pprint$pprint_vector:TH
cljs$pprint$pr:jF
cljs$pprint$pretty_character:VG
cljs$pprint$pretty_writer:SF
cljs$pprint$pretty_writer_QMARK_:fG
cljs$pprint$print:iF
cljs$pprint$prn:kF
cljs$pprint$process_bracket:KH
cljs$pprint$process_clause:MH
cljs$pprint$process_nesting:NH
cljs$pprint$readable_character:WG
cljs$pprint$reader_macros:RH
cljs$pprint$realize_parameter:zG
cljs$pprint$realize_parameter_list:AG
cljs$pprint$relative_reposition:xG
cljs$pprint$remainders:FG
cljs$pprint$render_clauses:rH
cljs$pprint$round_str:aH
cljs$pprint$set_field:sF
cljs$pprint$set_indent:xH
cljs$pprint$simple_dispatch:aI
cljs$pprint$single_defn:jI
cljs$pprint$special_chars:UG
cljs$pprint$special_params:BH
cljs$pprint$special_radix_markers:BG
cljs$pprint$split_at_newline:MF
cljs$pprint$start_block:VF
cljs$pprint$start_block_t:zF
cljs$pprint$t_cljs$0pprint27530:cF
cljs$pprint$t_cljs$0pprint28091:dF
cljs$pprint$t_cljs$0pprint28910:eF
cljs$pprint$t_cljs$0pprint28961:fF
cljs$pprint$t_cljs$0pprint29038:gF
cljs$pprint$t_cljs$0pprint29075:hF
cljs$pprint$tokens_fit_QMARK_:FF
cljs$pprint$translate_param:DH
cljs$pprint$tuple_map:pF
cljs$pprint$type_dispatcher:$H
cljs$pprint$type_map:XH
cljs$pprint$unzip_map:oF
cljs$pprint$upcase_writer:tH
cljs$pprint$write:hG
cljs$pprint$write_initial_lines:RF
cljs$pprint$write_line:OF
cljs$pprint$write_out:gG
cljs$pprint$write_token:CF
cljs$pprint$write_token_string:NF
cljs$pprint$write_tokens:EF
cljs$pprint$write_white_space:QF
cljs$reader$check:OI
cljs$reader$days_in_month:LI
cljs$reader$parse_and_validate_timestamp:PI
cljs$reader$parse_int:NI
cljs$reader$read_date:QI
cljs$reader$timestamp_regex:MI
cljs$spec$alpha$_STAR_compile_asserts_STAR_:iM
cljs$spec$alpha$_STAR_runtime_asserts_STAR_:jM
cljs$spec$alpha$accept:SL
cljs$spec$alpha$accept_QMARK_:TL
cljs$spec$alpha$accept_nil_QMARK_:dM
cljs$spec$alpha$add_ret:fM
cljs$spec$alpha$alt2:$L
cljs$spec$alpha$alt_STAR_:ZL
cljs$spec$alpha$alt_impl:aM
cljs$spec$alpha$and_preds:QL
cljs$spec$alpha$and_spec_impl:RL
cljs$spec$alpha$cat_impl:VL
cljs$spec$alpha$conform_STAR_:wL
cljs$spec$alpha$def_impl:NL
cljs$spec$alpha$deriv:gM
cljs$spec$alpha$dt$cljs$0core$0IFn$0_invoke$0arity$04:OL
cljs$spec$alpha$filter_alt:YL
cljs$spec$alpha$maybe_impl:bM
cljs$spec$alpha$maybe_spec:FL
cljs$spec$alpha$noret_QMARK_:cM
cljs$spec$alpha$pcat_STAR_:UL
cljs$spec$alpha$preturn:eM
cljs$spec$alpha$re_conform:hM
cljs$spec$alpha$reg_resolve:zL
cljs$spec$alpha$reg_resolve_BANG_:AL
cljs$spec$alpha$regex_QMARK_:CL
cljs$spec$alpha$regex_spec_impl:GL
cljs$spec$alpha$registry_ref:yL
cljs$spec$alpha$rep_PLUS_impl:XL
cljs$spec$alpha$rep_STAR_:WL
cljs$spec$alpha$spec_QMARK_:BL
cljs$spec$alpha$spec_impl:KL
cljs$spec$alpha$spec_impl$cljs$0core$0IFn$0_invoke$0arity$04:JL
cljs$spec$alpha$spec_impl$cljs$0core$0IFn$0_invoke$0arity$05:PL
cljs$spec$alpha$spec_name:EL
cljs$spec$alpha$specize:LL
cljs$spec$alpha$specize_STAR_:IL
cljs$spec$alpha$t_cljs$0spec$0alpha29260:tL
cljs$spec$alpha$t_cljs$0spec$0alpha29567:uL
cljs$spec$alpha$t_cljs$0spec$0alpha30405:vL
cljs$spec$alpha$the_spec:HL
cljs$spec$alpha$with_gen:ML
cljs$spec$alpha$with_gen_STAR_:xL
cljs$spec$alpha$with_name:DL
cljs$tagged_literals$JSValue:SI
cljs$tagged_literals$valid_js_literal_key_QMARK_:RI
cljs$tools$reader$NO_MATCH:KI
cljs$tools$reader$READ_EOF:II
cljs$tools$reader$READ_FINISHED:JI
cljs$tools$reader$impl$inspect$dispatch_inspect:CI
cljs$tools$reader$impl$inspect$inspect_STAR_:BI
cljs$tools$reader$impl$inspect$inspect_STAR__col:AI
clojure$data$atom_diff:SE
clojure$data$diff:VE
clojure$data$diff_associative:WE
clojure$data$diff_associative_key:UE
clojure$data$diff_sequential:XE
clojure$data$diff_set:YE
clojure$data$diff_similar:$E
clojure$data$equality_partition:ZE
clojure$data$vectorize:TE
clojure$set$bubble_max_key:vC
clojure$set$difference:yC
clojure$set$intersection:xC
clojure$set$union$cljs$0core$0IFn$0_invoke$0arity$02:wC
clojure$string$join$cljs$0core$0IFn$0_invoke$0arity$02:YB
clojure$string$replace:XB
clojure$string$replace_all:VB
clojure$string$replace_with:WB
clojure$string$split$cljs$0core$0IFn$0_invoke$0arity$02:$B
clojure$string$split$cljs$0core$0IFn$0_invoke$0arity$03:aC
clojure$string$split_with_empty_regex:ZB
clojure$walk$keywordize_keys:dC
clojure$walk$postwalk:cC
clojure$walk$walk:bC
demo$routes$_STAR_dispatch_STAR_:dN
demo$routes$app_routes:gN
demo$routes$home:eN
demo$routes$visualization:AO
demo$views$app_root:UD
demo$views$chart$add_group_ticks:FN
demo$views$chart$add_groups:EN
demo$views$chart$add_lines:HN
demo$views$chart$add_ribbons:IN
demo$views$chart$add_text:GN
demo$views$chart$arc:AN
demo$views$chart$chord:zN
demo$views$chart$color:CN
demo$views$chart$format_value:yN
demo$views$chart$group_ticks:DN
demo$views$chart$matrix:xN
demo$views$chart$render:kN
demo$views$chart$ribbon:BN
demo$views$home$render:hN
demo$views$page_view:lN
demo$views$visualization$load_module:BO
demo$views$visualization$render:CO
doc$jscomp$inline_331:Rc
docMode$jscomp$inline_329:Oc
goog:ba
goog$Disposable:Ca
goog$Disposable$MonitoringMode$OFF:Da
goog$Disposable$instances_:Ea
goog$Promise:Ub
goog$Promise$CallbackEntry_:Zb
goog$Promise$CancellationError:dc
goog$Promise$State_$FULFILLED:Xb
goog$Promise$State_$PENDING:Vb
goog$Promise$State_$REJECTED:Yb
goog$Promise$addUnhandledRejection_:kc
goog$Promise$freelist_:ac
goog$Promise$getCallbackEntry_:bc
goog$Promise$handleRejection_:oc
goog$Promise$invokeCallback_:nc
goog$Promise$tryThen_:jc
goog$Thenable$addImplementation:kb
goog$Thenable$isImplementedBy:lb
goog$Timer$callOnce:fe
goog$UID_PROPERTY_:na
goog$Uri:Af
goog$Uri$QueryData:Gf
goog$Uri$decodeOrEmpty_:Ff
goog$Uri$encodeChar_:Pf
goog$Uri$encodeSpecialChars_:Hf
goog$Uri$parse:Of
goog$Uri$reDisallowedInAbsolutePath_:Kf
goog$Uri$reDisallowedInFragment_:Mf
goog$Uri$reDisallowedInQuery_:Nf
goog$Uri$reDisallowedInRelativePath_:Lf
goog$Uri$reDisallowedInSchemeOrUserInfo_:If
goog$array$concat:db
goog$array$defaultCompare:ib
goog$array$extend:fb
goog$array$filter:Va
goog$array$find:$a
goog$array$forEach:Ta
goog$array$indexOf:Sa
goog$array$insert:bb
goog$array$map:Xa
goog$array$remove:cb
goog$array$removeDuplicates:gb
goog$array$some:Za
goog$array$sort:hb
goog$array$stableSort:jb
goog$array$toArray:eb
goog$async$Deferred:pc
goog$async$Deferred$AlreadyCalledError:uc
goog$async$Deferred$CanceledError:qc
goog$async$Deferred$Error_:yc
goog$async$Deferred$errorMap_:xc
goog$async$FreeList:mb
goog$async$WorkItem:ob
goog$async$WorkQueue:nb
goog$async$WorkQueue$freelist_:qb
goog$async$nextTick:Kb
goog$async$run:Lb
goog$async$run$initializeRunner_:Ob
goog$async$run$processWorkQueue:Rb
goog$async$run$schedule_:Mb
goog$async$run$workQueueScheduled_:Pb
goog$async$run$workQueue_:Qb
goog$async$throwException:Jb
goog$bind:ta
goog$bindJs_:ra
goog$bindNative_:qa
goog$debug$Error:Ka
goog$debug$Trace_:ad
goog$debug$Trace_$Event_:bd
goog$debug$Trace_$Stat_:cd
goog$debug$Trace_$formatTime_:fd
goog$debug$Trace_$longToPaddedString_:ed
goog$dispose:Ha
goog$disposeAll:Ja
goog$dom$DIRECT_ATTRIBUTE_MAP_:Oe
goog$dom$setProperties:Ne
goog$evalWorksForGlobals_:xa
goog$events$BrowserEvent:Fd
goog$events$BrowserFeature$HAS_W3C_EVENT_SUPPORT:Ad
goog$events$BrowserFeature$PASSIVE_EVENTS:Cd
goog$events$BrowserFeature$SET_KEY_CODE_TO_PREVENT_DEFAULT:Bd
goog$events$Event:Ed
goog$events$EventHandler:ge
goog$events$EventHandler$typeArray_:he
goog$events$EventId:Dd
goog$events$EventTarget:de
goog$events$LISTENER_MAP_PROP_:Od
goog$events$LISTENER_WRAPPER_PROP_:ce
goog$events$Listenable$IMPLEMENTED_BY_PROP:Gd
goog$events$Listenable$isImplementedBy:Hd
goog$events$ListenableKey$counter_:Id
goog$events$Listener:Jd
goog$events$ListenerMap:Ld
goog$events$ListenerMap$findListenerIndex_:Md
goog$events$fireListener:be
goog$events$fireListeners_:ae
goog$events$getListenerMap_:Vd
goog$events$getOnString_:Xd
goog$events$getProxy:Wd
goog$events$handleBrowserEvent_:Yd
goog$events$listen:Rd
goog$events$listenOnce:Sd
goog$events$listen_:Ud
goog$events$listenerCountEstimate_:Qd
goog$events$onStringMap_:Pd
goog$events$unlisten:Zd
goog$events$unlistenByKey:$d
goog$events$wrapListener:Td
goog$exportSymbol:za
goog$functions$error:rb
goog$getUid:ma
goog$global:ca
goog$globalEval:wa
goog$history$Event:lM
goog$history$Html5History:LM
goog$history$Html5History$TokenTransformer:QM
goog$html$TrustedResourceUrl:je
goog$html$TrustedResourceUrl$TYPE_MARKER_GOOG_HTML_SECURITY_PRIVATE_:ke
goog$html$TrustedResourceUrl$unwrap:le
goog$html$legacyconversions$reportCallback_:ne
goog$html$legacyconversions$trustedResourceUrlFromString:me
goog$inherits:Ba
goog$isArray:ha
goog$isArrayLike:ia
goog$isFunction:ka
goog$isObject:la
goog$isString:da
goog$iter$Iterator:Tc
goog$iter$StopIteration:Sc
goog$iter$forEach:Vc
goog$iter$toIterator:Uc
goog$labs$userAgent$browser$getIEVersion_:Ib
goog$labs$userAgent$browser$getVersion:Hb
goog$labs$userAgent$browser$matchChrome_:Gb
goog$labs$userAgent$browser$matchFirefox_:Fb
goog$labs$userAgent$browser$matchIE_:Eb
goog$labs$userAgent$platform$isIos:Ac
goog$labs$userAgent$platform$isIphone:zc
goog$labs$userAgent$util$extractVersionTuples:wb
goog$labs$userAgent$util$matchUserAgent:vb
goog$labs$userAgent$util$userAgent_:sb
goog$math$Integer:lf
goog$math$Integer$IntCache_:mf
goog$math$Integer$ONE:sf
goog$math$Integer$TWO_PWR_24_:tf
goog$math$Integer$TWO_PWR_32_DBL_:rf
goog$math$Integer$ZERO:pf
goog$math$Integer$carry16_:yf
goog$math$Integer$fromInt:nf
goog$math$Integer$fromNumber:of
goog$module$BaseModule:gd
goog$module$ModuleInfo:id
goog$module$ModuleLoadCallback:hd
goog$module$ModuleLoader:Ze
goog$module$ModuleLoader$EvaluateCodeEvent:cf
goog$module$ModuleLoader$EventType$EVALUATE_CODE:ef
goog$module$ModuleLoader$EventType$REQUEST_ERROR:gf
goog$module$ModuleLoader$EventType$REQUEST_SUCCESS:ff
goog$module$ModuleLoader$LoadStatus:$e
goog$module$ModuleLoader$RequestErrorEvent:df
goog$module$ModuleLoader$RequestSuccessEvent:bf
goog$module$ModuleManager:nd
goog$module$ModuleManager$FailureType$INIT_ERROR:wd
goog$net$BulkLoader:Me
goog$net$BulkLoaderHelper:oe
goog$net$DefaultXmlHttpFactory:te
goog$net$XhrIo:ye
goog$net$XhrIo$HTTP_SCHEME_PATTERN:Ae
goog$net$XhrIo$METHODS_WITH_FORM_DATA:Be
goog$net$XhrIo$ResponseType$DEFAULT:ze
goog$net$XhrIo$buildProgressEvent_:Le
goog$net$XhrIo$isContentTypeHeader_:Ce
goog$net$XhrIo$shouldUseXhr2Timeout_:Ee
goog$net$XmlHttp$factory_:se
goog$net$XmlHttpFactory:pe
goog$net$jsloader$Error:Ue
goog$net$jsloader$ErrorCode$LOAD_ERROR:We
goog$net$jsloader$ErrorCode$TIMEOUT:Ve
goog$net$jsloader$cancel_:Se
goog$net$jsloader$cleanup_:Te
goog$net$jsloader$getScriptParentElement_:Xe
goog$net$jsloader$safeLoad:Re
goog$net$jsloader$safeLoadMany:Qe
goog$net$jsloader$scriptsToLoad_:Pe
goog$now:va
goog$nullFunction:ea
goog$object$PROTOTYPE_FIELDS_:Cb
goog$object$containsKey:Ab
goog$object$extend:Db
goog$object$forEach:xb
goog$object$get:Bb
goog$object$getKeys:zb
goog$object$getValues:yb
goog$partial:ua
goog$reflect$cache:Cc
goog$reflect$sinkValue:Bc
goog$string$StringBuffer:Sf
goog$string$compareElements_:Ra
goog$string$compareVersions:Qa
goog$string$endsWith:Ma
goog$string$isEmptyOrWhitespace:Na
goog$string$isUnicodeChar:Oa
goog$string$startsWith:La
goog$string$trim:Pa
goog$structs$Map:Wc
goog$structs$Map$hasKey_:Yc
goog$structs$SimplePool:Zc
goog$structs$forEach:ve
goog$structs$getValues:ue
goog$typeOf:fa
goog$uidCounter_:pa
goog$uri$utils$parseQueryData:xe
goog$uri$utils$splitRe_:we
goog$userAgent$EDGE:Gc
goog$userAgent$GECKO:Hc
goog$userAgent$IE:Fc
goog$userAgent$OPERA:Ec
goog$userAgent$VERSION:Lc
goog$userAgent$WEBKIT:Ic
goog$userAgent$getDocumentMode_:Kc
goog$userAgent$isVersionOrHigher:Pc
goog$userAgent$isVersionOrHigherCache_:Dc
goog$userAgent$product$CHROME:Ye
hierarchy__4386__auto__$jscomp$inline_1596:xI
hierarchy__4386__auto__$jscomp$inline_1615:HI
hierarchy__4386__auto__$jscomp$inline_1631:yO
method_cache__4384__auto__$jscomp$inline_1594:vI
method_cache__4384__auto__$jscomp$inline_1613:FI
method_cache__4384__auto__$jscomp$inline_1629:iN
method_table__4382__auto__$jscomp$inline_1592:tI
method_table__4382__auto__$jscomp$inline_1611:DI
method_table__4382__auto__$jscomp$inline_1627:UM
module$node_modules$create_react_class$index:mC
module$node_modules$d3$dist$d3_node:wN
module$node_modules$react$index:UB
module$node_modules$react_dom$index:OD
navigator$jscomp$inline_288:tb
navigator$jscomp$inline_325:Jc
prefer_table__4383__auto__$jscomp$inline_1593:uI
prefer_table__4383__auto__$jscomp$inline_1612:EI
prefer_table__4383__auto__$jscomp$inline_1628:fN
re_frame$cofx$inject_db:RE
re_frame$core$reg_event_db:bF
re_frame$db$app_db:aE
re_frame$events$_STAR_handling_STAR_:pE
re_frame$events$handle:qE
re_frame$fx$do_fx:QE
re_frame$interceptor$__GT_interceptor$cljs$0core$0IFn$0_invoke$0arity$0variadic:mE
re_frame$interceptor$get_coeffect$cljs$0core$0IFn$0_invoke$0arity$02:nE
re_frame$interceptor$invoke_interceptors:oE
re_frame$interop$add_on_dispose_BANG_:YD
re_frame$interop$deref_QMARK_:XD
re_frame$interop$empty_queue:wl
re_frame$interop$reagent_id:$D
re_frame$interop$set_timeout_BANG_:ZD
re_frame$loggers$console:cE
re_frame$loggers$console$cljs$0core$0IFn$0_invoke$0arity$0variadic:dE
re_frame$loggers$loggers:bE
re_frame$registrar$clear_handlers:jE
re_frame$registrar$get_handler$cljs$0core$0IFn$0_invoke$0arity$02:hE
re_frame$registrar$kind__GT_id__GT_handler:gE
re_frame$registrar$register_handler:iE
re_frame$router$EventQueue:ME
re_frame$router$_add_event:EE
re_frame$router$_call_post_event_callbacks:LE
re_frame$router$_exception:IE
re_frame$router$_fsm_trigger:DE
re_frame$router$_pause:JE
re_frame$router$_process_1st_event_in_queue:FE
re_frame$router$_resume:KE
re_frame$router$_run_next_tick:GE
re_frame$router$_run_queue:HE
re_frame$router$dispatch:OE
re_frame$router$dispatch_sync:PE
re_frame$router$event_queue:NE
re_frame$router$later_fns:AE
re_frame$router$purge:CE
re_frame$router$push:BE
re_frame$std_interceptors$db_handler__GT_interceptor:aF
re_frame$subs$cache_and_return:tE
re_frame$subs$cache_lookup$cljs$0core$0IFn$0_invoke$0arity$02:uE
re_frame$subs$clear_subscription_cache_BANG_:sE
re_frame$subs$deref_input_signals:xE
re_frame$subs$map_vals:wE
re_frame$subs$query__GT_reaction:rE
re_frame$subs$reg_sub:yE
re_frame$subs$reg_sub$cljs$0core$0IFn$0_invoke$0arity$0variadic:zE
re_frame$subs$subscribe:vE
re_frame$trace$next_delivery:lE
re_frame$trace$traces:kE
re_frame$utils$dissoc_in:eE
re_frame$utils$first_in_vector:fE
reagent$core$after_render:WD
reagent$debug$track_console:fC
reagent$debug$warnings:eC
reagent$dom$dom_node:VD
reagent$dom$imported:PD
reagent$dom$re_render_component:SD
reagent$dom$render$cljs$0core$0IFn$0_invoke$0arity$03:TD
reagent$dom$render_comp:RD
reagent$dom$roots:QD
reagent$impl$batching$RenderQueue:sC
reagent$impl$batching$compare_mount_order:qC
reagent$impl$batching$fake_raf:oC
reagent$impl$batching$mount_count:nC
reagent$impl$batching$next_tick:pC
reagent$impl$batching$queue_render:uC
reagent$impl$batching$ratom_flush:rC
reagent$impl$batching$render_queue:tC
reagent$impl$component$_STAR_current_component_STAR_:ZC
reagent$impl$component$as_element:bD
reagent$impl$component$camelify_map_keys:iD
reagent$impl$component$create_class:lD
reagent$impl$component$custom_wrapper:eD
reagent$impl$component$dash_to_camel:hD
reagent$impl$component$get_wrapper:fD
reagent$impl$component$map_to_js:kD
reagent$impl$component$obligatory:gD
reagent$impl$component$props_argv:$C
reagent$impl$component$rat_opts:YC
reagent$impl$component$reagent_class_QMARK_:aD
reagent$impl$component$static_fns:dD
reagent$impl$component$wrap_funs:jD
reagent$impl$component$wrap_render:cD
reagent$impl$template$as_element:LD
reagent$impl$template$cache_get:pD
reagent$impl$template$convert_custom_prop_value:uD
reagent$impl$template$convert_prop_value:rD
reagent$impl$template$custom_kv_conv:tD
reagent$impl$template$custom_prop_name_cache:sD
reagent$impl$template$expand_seq:ND
reagent$impl$template$find_dom_node:yD
reagent$impl$template$get_key:HD
reagent$impl$template$input_component_set_value:BD
reagent$impl$template$input_handle_change:CD
reagent$impl$template$input_node_set_value:AD
reagent$impl$template$input_render_setup:DD
reagent$impl$template$input_spec:GD
reagent$impl$template$key_from_vec:ID
reagent$impl$template$kv_conv:qD
reagent$impl$template$make_element:FD
reagent$impl$template$named_QMARK_:nD
reagent$impl$template$native_element:KD
reagent$impl$template$oset:vD
reagent$impl$template$prop_name_cache:oD
reagent$impl$template$re_tag:mD
reagent$impl$template$reagent_input_class:ED
reagent$impl$template$set_id_class:wD
reagent$impl$template$stringify_class:xD
reagent$impl$template$tag_name_cache:JD
reagent$impl$template$these_inputs_have_selection_api:zD
reagent$impl$template$vec_to_elem:MD
reagent$impl$util$_STAR_always_update_STAR_:lC
reagent$impl$util$capitalize:iC
reagent$impl$util$dash_to_camel:jC
reagent$impl$util$dont_camel_case:hC
reagent$impl$util$fun_name:kC
reagent$impl$util$is_client:gC
reagent$ratom$RAtom:MC
reagent$ratom$RCursor:RC
reagent$ratom$Reaction:VC
reagent$ratom$Track:QC
reagent$ratom$_STAR_ratom_context_STAR_:zC
reagent$ratom$_running:CC
reagent$ratom$add_on_dispose_BANG_:TC
reagent$ratom$add_w:GC
reagent$ratom$atom:NC
reagent$ratom$cached_reaction:OC
reagent$ratom$check_watches:FC
reagent$ratom$debug:AC
reagent$ratom$deref_capture:DC
reagent$ratom$dispose_BANG_:SC
reagent$ratom$flush_BANG_:LC
reagent$ratom$generation:BC
reagent$ratom$handle_reaction_change:UC
reagent$ratom$make_reaction:PC
reagent$ratom$notify_deref_watcher_BANG_:EC
reagent$ratom$notify_w:IC
reagent$ratom$pr_atom:JC
reagent$ratom$rea_queue:KC
reagent$ratom$remove_w:HC
reagent$ratom$run_in_reaction:XC
reagent$ratom$temp_reaction:WC
secretary$core$IRenderRoute:pM
secretary$core$_STAR_config_STAR_:rM
secretary$core$_STAR_routes_STAR_:HM
secretary$core$add_route_BANG_:IM
secretary$core$assoc_in_query_params:yM
secretary$core$compile_route:FM
secretary$core$decode:wM
secretary$core$decode_query_params:zM
secretary$core$encode:tM
secretary$core$encode_pair:uM
secretary$core$get_config:sM
secretary$core$invalid_params:KM
secretary$core$key_index$cljs$0core$0IFn$0_invoke$0arity$02:vM
secretary$core$lex_STAR_:DM
secretary$core$lex_route:EM
secretary$core$locate_route:JM
secretary$core$parse_path:xM
secretary$core$re_escape:CM
secretary$core$re_escape_chars:BM
secretary$core$re_matches_STAR_:AM
secretary$core$render_route:qM
secretary$core$render_route_STAR_:GM
secretary$core$route_matches:nM
secretary$core$route_value:oM
secretary$core$t_secretary$0core31189:mM
shadow$js:QB
shadow$js$files:RB
shadow$js$jsRequire:TB
shadow$js$process_noop:SB
shadow$loader$load:kf
shadow$loader$ml:hf
shadow$loader$mm:jf
transformer$jscomp$inline_1881:zO
userAgent$jscomp$inline_289:ub
version$jscomp$inline_327:Mc
